Archive member included because of file (symbol)

C:\Users\QUPREX-016\e2_studio\workspace2\PDSE001\synergy\ssp\src\framework\el\tx\cm4_gcc\libtx.a(txe_semaphore_create.o)
                              ./src/synergy_gen/main.o (_txe_semaphore_create)
C:\Users\QUPREX-016\e2_studio\workspace2\PDSE001\synergy\ssp\src\framework\el\tx\cm4_gcc\libtx.a(txe_semaphore_get.o)
                              ./src/synergy_gen/main.o (_txe_semaphore_get)
C:\Users\QUPREX-016\e2_studio\workspace2\PDSE001\synergy\ssp\src\framework\el\tx\cm4_gcc\libtx.a(txe_semaphore_put.o)
                              ./src/synergy_gen/main.o (_txe_semaphore_put)
C:\Users\QUPREX-016\e2_studio\workspace2\PDSE001\synergy\ssp\src\framework\el\tx\cm4_gcc\libtx.a(txe_thread_create.o)
                              ./src/synergy_gen/control_thread.o (_txe_thread_create)
C:\Users\QUPREX-016\e2_studio\workspace2\PDSE001\synergy\ssp\src\framework\el\tx\cm4_gcc\libtx.a(tx_initialize_high_level.o)
                              C:\Users\QUPREX-016\e2_studio\workspace2\PDSE001\synergy\ssp\src\framework\el\tx\cm4_gcc\libtx.a(txe_semaphore_create.o) (_tx_semaphore_created_ptr)
C:\Users\QUPREX-016\e2_studio\workspace2\PDSE001\synergy\ssp\src\framework\el\tx\cm4_gcc\libtx.a(tx_initialize_kernel_enter.o)
                              ./src/synergy_gen/main.o (_tx_initialize_kernel_enter)
C:\Users\QUPREX-016\e2_studio\workspace2\PDSE001\synergy\ssp\src\framework\el\tx\cm4_gcc\libtx.a(tx_isr_end.o)
                              ./synergy/ssp/src/driver/r_gpt/r_gpt.o (tx_isr_end)
C:\Users\QUPREX-016\e2_studio\workspace2\PDSE001\synergy\ssp\src\framework\el\tx\cm4_gcc\libtx.a(tx_isr_start.o)
                              ./synergy/ssp/src/driver/r_gpt/r_gpt.o (tx_isr_start)
C:\Users\QUPREX-016\e2_studio\workspace2\PDSE001\synergy\ssp\src\framework\el\tx\cm4_gcc\libtx.a(tx_semaphore_create.o)
                              C:\Users\QUPREX-016\e2_studio\workspace2\PDSE001\synergy\ssp\src\framework\el\tx\cm4_gcc\libtx.a(txe_semaphore_create.o) (_tx_semaphore_create)
C:\Users\QUPREX-016\e2_studio\workspace2\PDSE001\synergy\ssp\src\framework\el\tx\cm4_gcc\libtx.a(tx_semaphore_get.o)
                              C:\Users\QUPREX-016\e2_studio\workspace2\PDSE001\synergy\ssp\src\framework\el\tx\cm4_gcc\libtx.a(txe_semaphore_get.o) (_tx_semaphore_get)
C:\Users\QUPREX-016\e2_studio\workspace2\PDSE001\synergy\ssp\src\framework\el\tx\cm4_gcc\libtx.a(tx_semaphore_put.o)
                              C:\Users\QUPREX-016\e2_studio\workspace2\PDSE001\synergy\ssp\src\framework\el\tx\cm4_gcc\libtx.a(txe_semaphore_put.o) (_tx_semaphore_put)
C:\Users\QUPREX-016\e2_studio\workspace2\PDSE001\synergy\ssp\src\framework\el\tx\cm4_gcc\libtx.a(tx_thread_create.o)
                              C:\Users\QUPREX-016\e2_studio\workspace2\PDSE001\synergy\ssp\src\framework\el\tx\cm4_gcc\libtx.a(txe_thread_create.o) (_tx_thread_create)
C:\Users\QUPREX-016\e2_studio\workspace2\PDSE001\synergy\ssp\src\framework\el\tx\cm4_gcc\libtx.a(tx_thread_initialize.o)
                              C:\Users\QUPREX-016\e2_studio\workspace2\PDSE001\synergy\ssp\src\framework\el\tx\cm4_gcc\libtx.a(tx_initialize_high_level.o) (_tx_thread_initialize)
C:\Users\QUPREX-016\e2_studio\workspace2\PDSE001\synergy\ssp\src\framework\el\tx\cm4_gcc\libtx.a(tx_thread_shell_entry.o)
                              C:\Users\QUPREX-016\e2_studio\workspace2\PDSE001\synergy\ssp\src\framework\el\tx\cm4_gcc\libtx.a(tx_thread_create.o) (_tx_thread_shell_entry)
C:\Users\QUPREX-016\e2_studio\workspace2\PDSE001\synergy\ssp\src\framework\el\tx\cm4_gcc\libtx.a(tx_thread_sleep.o)
                              ./src/control_thread_entry.o (_tx_thread_sleep)
C:\Users\QUPREX-016\e2_studio\workspace2\PDSE001\synergy\ssp\src\framework\el\tx\cm4_gcc\libtx.a(tx_thread_system_preempt_check.o)
                              C:\Users\QUPREX-016\e2_studio\workspace2\PDSE001\synergy\ssp\src\framework\el\tx\cm4_gcc\libtx.a(txe_semaphore_create.o) (_tx_thread_system_preempt_check)
C:\Users\QUPREX-016\e2_studio\workspace2\PDSE001\synergy\ssp\src\framework\el\tx\cm4_gcc\libtx.a(tx_thread_system_resume.o)
                              C:\Users\QUPREX-016\e2_studio\workspace2\PDSE001\synergy\ssp\src\framework\el\tx\cm4_gcc\libtx.a(tx_semaphore_put.o) (_tx_thread_system_resume)
C:\Users\QUPREX-016\e2_studio\workspace2\PDSE001\synergy\ssp\src\framework\el\tx\cm4_gcc\libtx.a(tx_thread_system_suspend.o)
                              C:\Users\QUPREX-016\e2_studio\workspace2\PDSE001\synergy\ssp\src\framework\el\tx\cm4_gcc\libtx.a(tx_semaphore_get.o) (_tx_thread_system_suspend)
C:\Users\QUPREX-016\e2_studio\workspace2\PDSE001\synergy\ssp\src\framework\el\tx\cm4_gcc\libtx.a(tx_thread_timeout.o)
                              C:\Users\QUPREX-016\e2_studio\workspace2\PDSE001\synergy\ssp\src\framework\el\tx\cm4_gcc\libtx.a(tx_thread_create.o) (_tx_thread_timeout)
[...]
Memory Configuration

Name             Origin             Length             Attributes
FLASH            0x00000000         0x00400000         xr
RAM              0x1ffe0000         0x000a0000         xrw
DATA_FLASH       0x40100000         0x00010000         xr
QSPI_FLASH       0x60000000         0x04000000         xr
SDRAM            0x90000000         0x02000000         xrw
ID_CODES         0x40120050         0x00000010         xr
*default*        0x00000000         0xffffffff

Linker script and memory map

LOAD c:/renesas/synergy/e2studio_v6.2.1_ssp_v1.5.0/toolchains/gcc_arm/4.9_2015q3/bin/../lib/gcc/arm-none-eabi/4.9.3/armv7e-m/fpu/crti.o
LOAD c:/renesas/synergy/e2studio_v6.2.1_ssp_v1.5.0/toolchains/gcc_arm/4.9_2015q3/bin/../lib/gcc/arm-none-eabi/4.9.3/armv7e-m/fpu/crtbegin.o
LOAD c:/renesas/synergy/e2studio_v6.2.1_ssp_v1.5.0/toolchains/gcc_arm/4.9_2015q3/bin/../lib/gcc/arm-none-eabi/4.9.3/../../../../arm-none-eabi/lib/armv7e-m/fpu/rdimon-crt0.o
START GROUP
LOAD ./synergy/ssp/src/driver/r_ioport/r_ioport.o
LOAD ./synergy/ssp/src/driver/r_gpt/r_gpt.o
LOAD ./synergy/ssp/src/driver/r_fmi/r_fmi.o
LOAD ./synergy/ssp/src/driver/r_elc/r_elc.o
LOAD ./synergy/ssp/src/driver/r_cgc/hw/hw_cgc.o
LOAD ./synergy/ssp/src/driver/r_cgc/r_cgc.o
LOAD ./synergy/ssp/src/bsp/mcu/s7g2/bsp_cache.o
LOAD ./synergy/ssp/src/bsp/mcu/s7g2/bsp_clocks.o
LOAD ./synergy/ssp/src/bsp/mcu/s7g2/bsp_feature.o
LOAD ./synergy/ssp/src/bsp/mcu/s7g2/bsp_fmi_R7FS7G27H3A01CFC.o
LOAD ./synergy/ssp/src/bsp/mcu/s7g2/bsp_group_irq.o
LOAD ./synergy/ssp/src/bsp/mcu/s7g2/bsp_hw_locks.o
LOAD ./synergy/ssp/src/bsp/mcu/s7g2/bsp_module_stop.o
LOAD ./synergy/ssp/src/bsp/mcu/s7g2/bsp_rom_registers.o
LOAD ./synergy/ssp/src/bsp/mcu/all/bsp_common.o
LOAD ./synergy/ssp/src/bsp/mcu/all/bsp_common_leds.o
LOAD ./synergy/ssp/src/bsp/mcu/all/bsp_delay.o
LOAD ./synergy/ssp/src/bsp/mcu/all/bsp_irq.o
LOAD ./synergy/ssp/src/bsp/mcu/all/bsp_locking.o
LOAD ./synergy/ssp/src/bsp/mcu/all/bsp_register_protection.o
LOAD ./synergy/ssp/src/bsp/mcu/all/bsp_sbrk.o
LOAD ./synergy/ssp/src/bsp/cmsis/Device/RENESAS/S7G2/Source/startup_S7G2.o
LOAD ./synergy/ssp/src/bsp/cmsis/Device/RENESAS/S7G2/Source/system_S7G2.o
LOAD ./synergy/board/s7g2_sk/bsp_init.o
LOAD ./synergy/board/s7g2_sk/bsp_leds.o
LOAD ./synergy/board/s7g2_sk/bsp_qspi.o
LOAD ./src/synergy_gen/common_data.o
LOAD ./src/synergy_gen/control_thread.o
LOAD ./src/synergy_gen/hal_data.o
LOAD ./src/synergy_gen/main.o
LOAD ./src/synergy_gen/pin_data.o
LOAD ./src/control_thread_entry.o
LOAD ./src/hal_entry.o
LOAD C:\Users\QUPREX-016\e2_studio\workspace2\PDSE001\synergy\ssp\src\bsp\cmsis\DSP_Lib\cm4_gcc\libDSP_Lib.a
LOAD C:\Users\QUPREX-016\e2_studio\workspace2\PDSE001\synergy\ssp\src\framework\el\tx\cm4_gcc\libtx.a
END GROUP
START GROUP
LOAD c:/renesas/synergy/e2studio_v6.2.1_ssp_v1.5.0/toolchains/gcc_arm/4.9_2015q3/bin/../lib/gcc/arm-none-eabi/4.9.3/armv7e-m/fpu\libgcc.a
LOAD c:/renesas/synergy/e2studio_v6.2.1_ssp_v1.5.0/toolchains/gcc_arm/4.9_2015q3/bin/../lib/gcc/arm-none-eabi/4.9.3/../../../../arm-none-eabi/lib/armv7e-m/fpu\libg_nano.a
LOAD c:/renesas/synergy/e2studio_v6.2.1_ssp_v1.5.0/toolchains/gcc_arm/4.9_2015q3/bin/../lib/gcc/arm-none-eabi/4.9.3/../../../../arm-none-eabi/lib/armv7e-m/fpu\libc_nano.a
END GROUP
START GROUP
LOAD c:/renesas/synergy/e2studio_v6.2.1_ssp_v1.5.0/toolchains/gcc_arm/4.9_2015q3/bin/../lib/gcc/arm-none-eabi/4.9.3/armv7e-m/fpu\libgcc.a
LOAD c:/renesas/synergy/e2studio_v6.2.1_ssp_v1.5.0/toolchains/gcc_arm/4.9_2015q3/bin/../lib/gcc/arm-none-eabi/4.9.3/../../../../arm-none-eabi/lib/armv7e-m/fpu\libc_nano.a
LOAD c:/renesas/synergy/e2studio_v6.2.1_ssp_v1.5.0/toolchains/gcc_arm/4.9_2015q3/bin/../lib/gcc/arm-none-eabi/4.9.3/../../../../arm-none-eabi/lib/armv7e-m/fpu\librdimon_nano.a
END GROUP
START GROUP
LOAD c:/renesas/synergy/e2studio_v6.2.1_ssp_v1.5.0/toolchains/gcc_arm/4.9_2015q3/bin/../lib/gcc/arm-none-eabi/4.9.3/armv7e-m/fpu\libgcc.a
LOAD c:/renesas/synergy/e2studio_v6.2.1_ssp_v1.5.0/toolchains/gcc_arm/4.9_2015q3/bin/../lib/gcc/arm-none-eabi/4.9.3/../../../../arm-none-eabi/lib/armv7e-m/fpu\libc_nano.a
LOAD c:/renesas/synergy/e2studio_v6.2.1_ssp_v1.5.0/toolchains/gcc_arm/4.9_2015q3/bin/../lib/gcc/arm-none-eabi/4.9.3/../../../../arm-none-eabi/lib/armv7e-m/fpu\librdimon_nano.a
END GROUP
LOAD c:/renesas/synergy/e2studio_v6.2.1_ssp_v1.5.0/toolchains/gcc_arm/4.9_2015q3/bin/../lib/gcc/arm-none-eabi/4.9.3/armv7e-m/fpu/crtend.o
LOAD c:/renesas/synergy/e2studio_v6.2.1_ssp_v1.5.0/toolchains/gcc_arm/4.9_2015q3/bin/../lib/gcc/arm-none-eabi/4.9.3/armv7e-m/fpu/crtn.o
START GROUP
LOAD c:/renesas/synergy/e2studio_v6.2.1_ssp_v1.5.0/toolchains/gcc_arm/4.9_2015q3/bin/../lib/gcc/arm-none-eabi/4.9.3/armv7e-m/fpu\libgcc.a
LOAD c:/renesas/synergy/e2studio_v6.2.1_ssp_v1.5.0/toolchains/gcc_arm/4.9_2015q3/bin/../lib/gcc/arm-none-eabi/4.9.3/../../../../arm-none-eabi/lib/armv7e-m/fpu\libc.a
LOAD c:/renesas/synergy/e2studio_v6.2.1_ssp_v1.5.0/toolchains/gcc_arm/4.9_2015q3/bin/../lib/gcc/arm-none-eabi/4.9.3/../../../../arm-none-eabi/lib/armv7e-m/fpu\libm.a
LOAD c:/renesas/synergy/e2studio_v6.2.1_ssp_v1.5.0/toolchains/gcc_arm/4.9_2015q3/bin/../lib/gcc/arm-none-eabi/4.9.3/../../../../arm-none-eabi/lib/armv7e-m/fpu\libnosys.a
END GROUP

.text           0x00000000     0x5f58
                0x00000000                __ROM_Start = .
 *(.vectors)
 .vectors       0x00000000       0x40 ./synergy/ssp/src/bsp/cmsis/Device/RENESAS/S7G2/Source/startup_S7G2.o
                0x00000000                __Vectors
 *(SORT(.vector.*))
 .vector.GPT_9_COUNTER_OVERFLOW
                0x00000040        0x4 ./src/synergy_gen/control_thread.o
                0x00000040                g_vector_GPT_9_COUNTER_OVERFLOW
                0x00000044                __Vectors_End = .
                0x00000044                __end__ = .
                0x00000400                . = (__ROM_Start + 0x400)
 *fill*         0x00000044      0x3bc ff
 *(.rom_registers*)
 .rom_registers
                0x00000400       0x3c ./synergy/ssp/src/bsp/mcu/s7g2/bsp_rom_registers.o
                0x00000500                . = (__ROM_Start + 0x500)
 *fill*         0x0000043c       0xc4 ff
                0x00000500                __Vector_Info_Start = .
 *(SORT(.vector_info.*))
 .vector_info.GPT_9_COUNTER_OVERFLOW
                0x00000500        0x8 ./src/synergy_gen/control_thread.o
                0x00000500                g_vector_info_GPT_9_COUNTER_OVERFLOW
                0x00000508                __Vector_Info_End = .
                0x00000508                __Lock_Lookup_Start = .
 *(SORT(.hw_lock_lookup.*))
 .hw_lock_lookup.ADC_0U_0U
                0x00000508        0x4 ./synergy/ssp/src/bsp/mcu/s7g2/bsp_hw_locks.o
                0x00000508                g_lock_lookup_ADC_0U_0U
 .hw_lock_lookup.ADC_0U_1U
                0x0000050c        0x4 ./synergy/ssp/src/bsp/mcu/s7g2/bsp_hw_locks.o
                0x0000050c                g_lock_lookup_ADC_0U_1U
 .hw_lock_lookup.AGT_0U_0U
                0x00000510        0x4 ./synergy/ssp/src/bsp/mcu/s7g2/bsp_hw_locks.o
                0x00000510                g_lock_lookup_AGT_0U_0U
 .hw_lock_lookup.AGT_0U_1U
                0x00000514        0x4 ./synergy/ssp/src/bsp/mcu/s7g2/bsp_hw_locks.o
                0x00000514                g_lock_lookup_AGT_0U_1U
 .hw_lock_lookup.BSC_0U_1U
                0x00000518        0x4 ./synergy/ssp/src/bsp/mcu/s7g2/bsp_hw_locks.o
                0x00000518                g_lock_lookup_BSC_0U_1U
 .hw_lock_lookup.CAC_0U_0U
                0x0000051c        0x4 ./synergy/ssp/src/bsp/mcu/s7g2/bsp_hw_locks.o
                0x0000051c                g_lock_lookup_CAC_0U_0U
 .hw_lock_lookup.CAN_0U_0U
                0x00000520        0x4 ./synergy/ssp/src/bsp/mcu/s7g2/bsp_hw_locks.o
                0x00000520                g_lock_lookup_CAN_0U_0U
 .hw_lock_lookup.CAN_0U_1U
                0x00000524        0x4 ./synergy/ssp/src/bsp/mcu/s7g2/bsp_hw_locks.o
                0x00000524                g_lock_lookup_CAN_0U_1U
 .hw_lock_lookup.COMP_HS_0U_0U
                0x00000528        0x4 ./synergy/ssp/src/bsp/mcu/s7g2/bsp_hw_locks.o
                0x00000528                g_lock_lookup_COMP_HS_0U_0U
 .hw_lock_lookup.COMP_HS_0U_1U
                0x0000052c        0x4 ./synergy/ssp/src/bsp/mcu/s7g2/bsp_hw_locks.o
                0x0000052c                g_lock_lookup_COMP_HS_0U_1U
 .hw_lock_lookup.COMP_HS_0U_2U
                0x00000530        0x4 ./synergy/ssp/src/bsp/mcu/s7g2/bsp_hw_locks.o
                0x00000530                g_lock_lookup_COMP_HS_0U_2U
 .hw_lock_lookup.COMP_HS_0U_3U
                0x00000534        0x4 ./synergy/ssp/src/bsp/mcu/s7g2/bsp_hw_locks.o
                0x00000534                g_lock_lookup_COMP_HS_0U_3U
 .hw_lock_lookup.COMP_HS_0U_4U
                0x00000538        0x4 ./synergy/ssp/src/bsp/mcu/s7g2/bsp_hw_locks.o
                0x00000538                g_lock_lookup_COMP_HS_0U_4U
 .hw_lock_lookup.COMP_HS_0U_5U
                0x0000053c        0x4 ./synergy/ssp/src/bsp/mcu/s7g2/bsp_hw_locks.o
                0x0000053c                g_lock_lookup_COMP_HS_0U_5U
 .hw_lock_lookup.CRC_0U_0U
                0x00000540        0x4 ./synergy/ssp/src/bsp/mcu/s7g2/bsp_hw_locks.o
                0x00000540                g_lock_lookup_CRC_0U_0U
 .hw_lock_lookup.CTSU_0U_0U
                0x00000544        0x4 ./synergy/ssp/src/bsp/mcu/s7g2/bsp_hw_locks.o
                0x00000544                g_lock_lookup_CTSU_0U_0U
 .hw_lock_lookup.DAAD_0U_0U
                0x00000548        0x4 ./synergy/ssp/src/bsp/mcu/s7g2/bsp_hw_locks.o
                0x00000548                g_lock_lookup_DAAD_0U_0U
 .hw_lock_lookup.DAC_0U_0U
                0x0000054c        0x4 ./synergy/ssp/src/bsp/mcu/s7g2/bsp_hw_locks.o
                0x0000054c                g_lock_lookup_DAC_0U_0U
 .hw_lock_lookup.DAC_0U_1U
                0x00000550        0x4 ./synergy/ssp/src/bsp/mcu/s7g2/bsp_hw_locks.o
                0x00000550                g_lock_lookup_DAC_0U_1U
 .hw_lock_lookup.DMAC_0U_0U
                0x00000554        0x4 ./synergy/ssp/src/bsp/mcu/s7g2/bsp_hw_locks.o
                0x00000554                g_lock_lookup_DMAC_0U_0U
 .hw_lock_lookup.DMAC_0U_1U
                0x00000558        0x4 ./synergy/ssp/src/bsp/mcu/s7g2/bsp_hw_locks.o
                0x00000558                g_lock_lookup_DMAC_0U_1U
 .hw_lock_lookup.DMAC_0U_2U
                0x0000055c        0x4 ./synergy/ssp/src/bsp/mcu/s7g2/bsp_hw_locks.o
                0x0000055c                g_lock_lookup_DMAC_0U_2U
 .hw_lock_lookup.DMAC_0U_3U
                0x00000560        0x4 ./synergy/ssp/src/bsp/mcu/s7g2/bsp_hw_locks.o
                0x00000560                g_lock_lookup_DMAC_0U_3U
 .hw_lock_lookup.DMAC_0U_4U
                0x00000564        0x4 ./synergy/ssp/src/bsp/mcu/s7g2/bsp_hw_locks.o
                0x00000564                g_lock_lookup_DMAC_0U_4U
 .hw_lock_lookup.DMAC_0U_5U
                0x00000568        0x4 ./synergy/ssp/src/bsp/mcu/s7g2/bsp_hw_locks.o
                0x00000568                g_lock_lookup_DMAC_0U_5U
 .hw_lock_lookup.DMAC_0U_6U
                0x0000056c        0x4 ./synergy/ssp/src/bsp/mcu/s7g2/bsp_hw_locks.o
                0x0000056c                g_lock_lookup_DMAC_0U_6U
 .hw_lock_lookup.DMAC_0U_7U
                0x00000570        0x4 ./synergy/ssp/src/bsp/mcu/s7g2/bsp_hw_locks.o
                0x00000570                g_lock_lookup_DMAC_0U_7U
 .hw_lock_lookup.DOC_0U_0U
                0x00000574        0x4 ./synergy/ssp/src/bsp/mcu/s7g2/bsp_hw_locks.o
                0x00000574                g_lock_lookup_DOC_0U_0U
 .hw_lock_lookup.DRW_0U_0U
                0x00000578        0x4 ./synergy/ssp/src/bsp/mcu/s7g2/bsp_hw_locks.o
                0x00000578                g_lock_lookup_DRW_0U_0U
 .hw_lock_lookup.DTC_0U_0U
                0x0000057c        0x4 ./synergy/ssp/src/bsp/mcu/s7g2/bsp_hw_locks.o
                0x0000057c                g_lock_lookup_DTC_0U_0U
 .hw_lock_lookup.ELC_0U_0U
                0x00000580        0x4 ./synergy/ssp/src/bsp/mcu/s7g2/bsp_hw_locks.o
                0x00000580                g_lock_lookup_ELC_0U_0U
 .hw_lock_lookup.EPTPC_0U_0U
                0x00000584        0x4 ./synergy/ssp/src/bsp/mcu/s7g2/bsp_hw_locks.o
                0x00000584                g_lock_lookup_EPTPC_0U_0U
 .hw_lock_lookup.ETHER_0U_0U
                0x00000588        0x4 ./synergy/ssp/src/bsp/mcu/s7g2/bsp_hw_locks.o
                0x00000588                g_lock_lookup_ETHER_0U_0U
 .hw_lock_lookup.ETHER_0U_1U
                0x0000058c        0x4 ./synergy/ssp/src/bsp/mcu/s7g2/bsp_hw_locks.o
                0x0000058c                g_lock_lookup_ETHER_0U_1U
 .hw_lock_lookup.FCU_0U_0U
                0x00000590        0x4 ./synergy/ssp/src/bsp/mcu/s7g2/bsp_hw_locks.o
                0x00000590                g_lock_lookup_FCU_0U_0U
 .hw_lock_lookup.GLCDC_0U_0U
                0x00000594        0x4 ./synergy/ssp/src/bsp/mcu/s7g2/bsp_hw_locks.o
                0x00000594                g_lock_lookup_GLCDC_0U_0U
 .hw_lock_lookup.GPT_0U_0U
                0x00000598        0x4 ./synergy/ssp/src/bsp/mcu/s7g2/bsp_hw_locks.o
                0x00000598                g_lock_lookup_GPT_0U_0U
 .hw_lock_lookup.GPT_0U_10U
                0x0000059c        0x4 ./synergy/ssp/src/bsp/mcu/s7g2/bsp_hw_locks.o
                0x0000059c                g_lock_lookup_GPT_0U_10U
 .hw_lock_lookup.GPT_0U_11U
                0x000005a0        0x4 ./synergy/ssp/src/bsp/mcu/s7g2/bsp_hw_locks.o
                0x000005a0                g_lock_lookup_GPT_0U_11U
 .hw_lock_lookup.GPT_0U_12U
                0x000005a4        0x4 ./synergy/ssp/src/bsp/mcu/s7g2/bsp_hw_locks.o
                0x000005a4                g_lock_lookup_GPT_0U_12U
 .hw_lock_lookup.GPT_0U_13U
                0x000005a8        0x4 ./synergy/ssp/src/bsp/mcu/s7g2/bsp_hw_locks.o
                0x000005a8                g_lock_lookup_GPT_0U_13U
 .hw_lock_lookup.GPT_0U_1U
                0x000005ac        0x4 ./synergy/ssp/src/bsp/mcu/s7g2/bsp_hw_locks.o
                0x000005ac                g_lock_lookup_GPT_0U_1U
 .hw_lock_lookup.GPT_0U_2U
                0x000005b0        0x4 ./synergy/ssp/src/bsp/mcu/s7g2/bsp_hw_locks.o
                0x000005b0                g_lock_lookup_GPT_0U_2U
 .hw_lock_lookup.GPT_0U_3U
                0x000005b4        0x4 ./synergy/ssp/src/bsp/mcu/s7g2/bsp_hw_locks.o
                0x000005b4                g_lock_lookup_GPT_0U_3U
 .hw_lock_lookup.GPT_0U_4U
                0x000005b8        0x4 ./synergy/ssp/src/bsp/mcu/s7g2/bsp_hw_locks.o
                0x000005b8                g_lock_lookup_GPT_0U_4U
 .hw_lock_lookup.GPT_0U_5U
                0x000005bc        0x4 ./synergy/ssp/src/bsp/mcu/s7g2/bsp_hw_locks.o
                0x000005bc                g_lock_lookup_GPT_0U_5U
 .hw_lock_lookup.GPT_0U_6U
                0x000005c0        0x4 ./synergy/ssp/src/bsp/mcu/s7g2/bsp_hw_locks.o
                0x000005c0                g_lock_lookup_GPT_0U_6U
 .hw_lock_lookup.GPT_0U_7U
                0x000005c4        0x4 ./synergy/ssp/src/bsp/mcu/s7g2/bsp_hw_locks.o
                0x000005c4                g_lock_lookup_GPT_0U_7U
 .hw_lock_lookup.GPT_0U_8U
                0x000005c8        0x4 ./synergy/ssp/src/bsp/mcu/s7g2/bsp_hw_locks.o
                0x000005c8                g_lock_lookup_GPT_0U_8U
 .hw_lock_lookup.GPT_0U_9U
                0x000005cc        0x4 ./synergy/ssp/src/bsp/mcu/s7g2/bsp_hw_locks.o
                0x000005cc                g_lock_lookup_GPT_0U_9U
 .hw_lock_lookup.ICU_0U_0U
                0x000005d0        0x4 ./synergy/ssp/src/bsp/mcu/s7g2/bsp_hw_locks.o
                0x000005d0                g_lock_lookup_ICU_0U_0U
 .hw_lock_lookup.ICU_0U_10U
                0x000005d4        0x4 ./synergy/ssp/src/bsp/mcu/s7g2/bsp_hw_locks.o
                0x000005d4                g_lock_lookup_ICU_0U_10U
 .hw_lock_lookup.ICU_0U_11U
                0x000005d8        0x4 ./synergy/ssp/src/bsp/mcu/s7g2/bsp_hw_locks.o
                0x000005d8                g_lock_lookup_ICU_0U_11U
 .hw_lock_lookup.ICU_0U_12U
                0x000005dc        0x4 ./synergy/ssp/src/bsp/mcu/s7g2/bsp_hw_locks.o
                0x000005dc                g_lock_lookup_ICU_0U_12U
 .hw_lock_lookup.ICU_0U_13U
                0x000005e0        0x4 ./synergy/ssp/src/bsp/mcu/s7g2/bsp_hw_locks.o
                0x000005e0                g_lock_lookup_ICU_0U_13U
 .hw_lock_lookup.ICU_0U_14U
                0x000005e4        0x4 ./synergy/ssp/src/bsp/mcu/s7g2/bsp_hw_locks.o
                0x000005e4                g_lock_lookup_ICU_0U_14U
 .hw_lock_lookup.ICU_0U_15U
                0x000005e8        0x4 ./synergy/ssp/src/bsp/mcu/s7g2/bsp_hw_locks.o
                0x000005e8                g_lock_lookup_ICU_0U_15U
 .hw_lock_lookup.ICU_0U_1U
                0x000005ec        0x4 ./synergy/ssp/src/bsp/mcu/s7g2/bsp_hw_locks.o
                0x000005ec                g_lock_lookup_ICU_0U_1U
 .hw_lock_lookup.ICU_0U_2U
                0x000005f0        0x4 ./synergy/ssp/src/bsp/mcu/s7g2/bsp_hw_locks.o
                0x000005f0                g_lock_lookup_ICU_0U_2U
 .hw_lock_lookup.ICU_0U_3U
                0x000005f4        0x4 ./synergy/ssp/src/bsp/mcu/s7g2/bsp_hw_locks.o
                0x000005f4                g_lock_lookup_ICU_0U_3U
 .hw_lock_lookup.ICU_0U_4U
                0x000005f8        0x4 ./synergy/ssp/src/bsp/mcu/s7g2/bsp_hw_locks.o
                0x000005f8                g_lock_lookup_ICU_0U_4U
 .hw_lock_lookup.ICU_0U_5U
                0x000005fc        0x4 ./synergy/ssp/src/bsp/mcu/s7g2/bsp_hw_locks.o
                0x000005fc                g_lock_lookup_ICU_0U_5U
 .hw_lock_lookup.ICU_0U_6U
                0x00000600        0x4 ./synergy/ssp/src/bsp/mcu/s7g2/bsp_hw_locks.o
                0x00000600                g_lock_lookup_ICU_0U_6U
 .hw_lock_lookup.ICU_0U_7U
                0x00000604        0x4 ./synergy/ssp/src/bsp/mcu/s7g2/bsp_hw_locks.o
                0x00000604                g_lock_lookup_ICU_0U_7U
 .hw_lock_lookup.ICU_0U_8U
                0x00000608        0x4 ./synergy/ssp/src/bsp/mcu/s7g2/bsp_hw_locks.o
                0x00000608                g_lock_lookup_ICU_0U_8U
 .hw_lock_lookup.ICU_0U_9U
                0x0000060c        0x4 ./synergy/ssp/src/bsp/mcu/s7g2/bsp_hw_locks.o
                0x0000060c                g_lock_lookup_ICU_0U_9U
 .hw_lock_lookup.IIC_0U_0U
                0x00000610        0x4 ./synergy/ssp/src/bsp/mcu/s7g2/bsp_hw_locks.o
                0x00000610                g_lock_lookup_IIC_0U_0U
 .hw_lock_lookup.IIC_0U_1U
                0x00000614        0x4 ./synergy/ssp/src/bsp/mcu/s7g2/bsp_hw_locks.o
                0x00000614                g_lock_lookup_IIC_0U_1U
 .hw_lock_lookup.IIC_0U_2U
                0x00000618        0x4 ./synergy/ssp/src/bsp/mcu/s7g2/bsp_hw_locks.o
                0x00000618                g_lock_lookup_IIC_0U_2U
 .hw_lock_lookup.IRDA_0U_0U
                0x0000061c        0x4 ./synergy/ssp/src/bsp/mcu/s7g2/bsp_hw_locks.o
                0x0000061c                g_lock_lookup_IRDA_0U_0U
 .hw_lock_lookup.IWDT_0U_0U
                0x00000620        0x4 ./synergy/ssp/src/bsp/mcu/s7g2/bsp_hw_locks.o
                0x00000620                g_lock_lookup_IWDT_0U_0U
 .hw_lock_lookup.JPEG_0U_0U
                0x00000624        0x4 ./synergy/ssp/src/bsp/mcu/s7g2/bsp_hw_locks.o
                0x00000624                g_lock_lookup_JPEG_0U_0U
 .hw_lock_lookup.KEY_0U_0U
                0x00000628        0x4 ./synergy/ssp/src/bsp/mcu/s7g2/bsp_hw_locks.o
                0x00000628                g_lock_lookup_KEY_0U_0U
 .hw_lock_lookup.LPM_1U_0U
                0x0000062c        0x4 ./synergy/ssp/src/bsp/mcu/s7g2/bsp_hw_locks.o
                0x0000062c                g_lock_lookup_LPM_1U_0U
 .hw_lock_lookup.LVD_0U_0U
                0x00000630        0x4 ./synergy/ssp/src/bsp/mcu/s7g2/bsp_hw_locks.o
                0x00000630                g_lock_lookup_LVD_0U_0U
 .hw_lock_lookup.LVD_0U_1U
                0x00000634        0x4 ./synergy/ssp/src/bsp/mcu/s7g2/bsp_hw_locks.o
                0x00000634                g_lock_lookup_LVD_0U_1U
 .hw_lock_lookup.MMF_0U_0U
                0x00000638        0x4 ./synergy/ssp/src/bsp/mcu/s7g2/bsp_hw_locks.o
                0x00000638                g_lock_lookup_MMF_0U_0U
 .hw_lock_lookup.MPU_0U_0U
                0x0000063c        0x4 ./synergy/ssp/src/bsp/mcu/s7g2/bsp_hw_locks.o
                0x0000063c                g_lock_lookup_MPU_0U_0U
 .hw_lock_lookup.OPS_0U_0U
                0x00000640        0x4 ./synergy/ssp/src/bsp/mcu/s7g2/bsp_hw_locks.o
                0x00000640                g_lock_lookup_OPS_0U_0U
 .hw_lock_lookup.PDC_0U_0U
                0x00000644        0x4 ./synergy/ssp/src/bsp/mcu/s7g2/bsp_hw_locks.o
                0x00000644                g_lock_lookup_PDC_0U_0U
 .hw_lock_lookup.POEG_0U_0U
                0x00000648        0x4 ./synergy/ssp/src/bsp/mcu/s7g2/bsp_hw_locks.o
                0x00000648                g_lock_lookup_POEG_0U_0U
 .hw_lock_lookup.POEG_0U_1U
                0x0000064c        0x4 ./synergy/ssp/src/bsp/mcu/s7g2/bsp_hw_locks.o
                0x0000064c                g_lock_lookup_POEG_0U_1U
 .hw_lock_lookup.POEG_0U_2U
                0x00000650        0x4 ./synergy/ssp/src/bsp/mcu/s7g2/bsp_hw_locks.o
                0x00000650                g_lock_lookup_POEG_0U_2U
 .hw_lock_lookup.POEG_0U_3U
                0x00000654        0x4 ./synergy/ssp/src/bsp/mcu/s7g2/bsp_hw_locks.o
                0x00000654                g_lock_lookup_POEG_0U_3U
 .hw_lock_lookup.QSPI_0U_0U
                0x00000658        0x4 ./synergy/ssp/src/bsp/mcu/s7g2/bsp_hw_locks.o
                0x00000658                g_lock_lookup_QSPI_0U_0U
 .hw_lock_lookup.RTC_0U_0U
                0x0000065c        0x4 ./synergy/ssp/src/bsp/mcu/s7g2/bsp_hw_locks.o
                0x0000065c                g_lock_lookup_RTC_0U_0U
 .hw_lock_lookup.SCE_0U_0U
                0x00000660        0x4 ./synergy/ssp/src/bsp/mcu/s7g2/bsp_hw_locks.o
                0x00000660                g_lock_lookup_SCE_0U_0U
 .hw_lock_lookup.SCI_0U_0U
                0x00000664        0x4 ./synergy/ssp/src/bsp/mcu/s7g2/bsp_hw_locks.o
                0x00000664                g_lock_lookup_SCI_0U_0U
 .hw_lock_lookup.SCI_0U_1U
                0x00000668        0x4 ./synergy/ssp/src/bsp/mcu/s7g2/bsp_hw_locks.o
                0x00000668                g_lock_lookup_SCI_0U_1U
 .hw_lock_lookup.SCI_0U_2U
                0x0000066c        0x4 ./synergy/ssp/src/bsp/mcu/s7g2/bsp_hw_locks.o
                0x0000066c                g_lock_lookup_SCI_0U_2U
 .hw_lock_lookup.SCI_0U_3U
                0x00000670        0x4 ./synergy/ssp/src/bsp/mcu/s7g2/bsp_hw_locks.o
                0x00000670                g_lock_lookup_SCI_0U_3U
 .hw_lock_lookup.SCI_0U_4U
                0x00000674        0x4 ./synergy/ssp/src/bsp/mcu/s7g2/bsp_hw_locks.o
                0x00000674                g_lock_lookup_SCI_0U_4U
 .hw_lock_lookup.SCI_0U_5U
                0x00000678        0x4 ./synergy/ssp/src/bsp/mcu/s7g2/bsp_hw_locks.o
                0x00000678                g_lock_lookup_SCI_0U_5U
 .hw_lock_lookup.SCI_0U_6U
                0x0000067c        0x4 ./synergy/ssp/src/bsp/mcu/s7g2/bsp_hw_locks.o
                0x0000067c                g_lock_lookup_SCI_0U_6U
 .hw_lock_lookup.SCI_0U_7U
                0x00000680        0x4 ./synergy/ssp/src/bsp/mcu/s7g2/bsp_hw_locks.o
                0x00000680                g_lock_lookup_SCI_0U_7U
 .hw_lock_lookup.SCI_0U_8U
                0x00000684        0x4 ./synergy/ssp/src/bsp/mcu/s7g2/bsp_hw_locks.o
                0x00000684                g_lock_lookup_SCI_0U_8U
 .hw_lock_lookup.SCI_0U_9U
                0x00000688        0x4 ./synergy/ssp/src/bsp/mcu/s7g2/bsp_hw_locks.o
                0x00000688                g_lock_lookup_SCI_0U_9U
 .hw_lock_lookup.SDHIMMC_0U_0U
                0x0000068c        0x4 ./synergy/ssp/src/bsp/mcu/s7g2/bsp_hw_locks.o
                0x0000068c                g_lock_lookup_SDHIMMC_0U_0U
 .hw_lock_lookup.SDHIMMC_0U_1U
                0x00000690        0x4 ./synergy/ssp/src/bsp/mcu/s7g2/bsp_hw_locks.o
                0x00000690                g_lock_lookup_SDHIMMC_0U_1U
 .hw_lock_lookup.SPI_0U_0U
                0x00000694        0x4 ./synergy/ssp/src/bsp/mcu/s7g2/bsp_hw_locks.o
                0x00000694                g_lock_lookup_SPI_0U_0U
 .hw_lock_lookup.SPI_0U_1U
                0x00000698        0x4 ./synergy/ssp/src/bsp/mcu/s7g2/bsp_hw_locks.o
                0x00000698                g_lock_lookup_SPI_0U_1U
 .hw_lock_lookup.SRC_0U_0U
                0x0000069c        0x4 ./synergy/ssp/src/bsp/mcu/s7g2/bsp_hw_locks.o
                0x0000069c                g_lock_lookup_SRC_0U_0U
 .hw_lock_lookup.SSI_0U_0U
                0x000006a0        0x4 ./synergy/ssp/src/bsp/mcu/s7g2/bsp_hw_locks.o
                0x000006a0                g_lock_lookup_SSI_0U_0U
 .hw_lock_lookup.SSI_0U_1U
                0x000006a4        0x4 ./synergy/ssp/src/bsp/mcu/s7g2/bsp_hw_locks.o
                0x000006a4                g_lock_lookup_SSI_0U_1U
 .hw_lock_lookup.TSN_0U_0U
                0x000006a8        0x4 ./synergy/ssp/src/bsp/mcu/s7g2/bsp_hw_locks.o
                0x000006a8                g_lock_lookup_TSN_0U_0U
 .hw_lock_lookup.USB_0U_0U
                0x000006ac        0x4 ./synergy/ssp/src/bsp/mcu/s7g2/bsp_hw_locks.o
                0x000006ac                g_lock_lookup_USB_0U_0U
 .hw_lock_lookup.USB_1U_0U
                0x000006b0        0x4 ./synergy/ssp/src/bsp/mcu/s7g2/bsp_hw_locks.o
                0x000006b0                g_lock_lookup_USB_1U_0U
 .hw_lock_lookup.WDT_0U_0U
                0x000006b4        0x4 ./synergy/ssp/src/bsp/mcu/s7g2/bsp_hw_locks.o
                0x000006b4                g_lock_lookup_WDT_0U_0U
                0x000006b8                __Lock_Lookup_End = .
 *(.text*)
 .text          0x000006b8       0x5c c:/renesas/synergy/e2studio_v6.2.1_ssp_v1.5.0/toolchains/gcc_arm/4.9_2015q3/bin/../lib/gcc/arm-none-eabi/4.9.3/armv7e-m/fpu/crtbegin.o
 .text.R_IOPORT_PinRead
                0x00000714       0x48 ./synergy/ssp/src/driver/r_ioport/r_ioport.o
                0x00000714                R_IOPORT_PinRead
 .text.R_IOPORT_PortRead
                0x0000075c       0x28 ./synergy/ssp/src/driver/r_ioport/r_ioport.o
                0x0000075c                R_IOPORT_PortRead
 .text.R_IOPORT_PortEventInputRead
                0x00000784       0x28 ./synergy/ssp/src/driver/r_ioport/r_ioport.o
                0x00000784                R_IOPORT_PortEventInputRead
 .text.R_IOPORT_PinEventInputRead
                0x000007ac       0x58 ./synergy/ssp/src/driver/r_ioport/r_ioport.o
                0x000007ac                R_IOPORT_PinEventInputRead
 .text.R_IOPORT_PortEventOutputWrite
                0x00000804       0x38 ./synergy/ssp/src/driver/r_ioport/r_ioport.o
                0x00000804                R_IOPORT_PortEventOutputWrite
 .text.R_IOPORT_PinEventOutputWrite
                0x0000083c       0x5c ./synergy/ssp/src/driver/r_ioport/r_ioport.o
                0x0000083c                R_IOPORT_PinEventOutputWrite
 .text.R_IOPORT_VersionGet
                0x00000898       0x18 ./synergy/ssp/src/driver/r_ioport/r_ioport.o
                0x00000898                R_IOPORT_VersionGet
 .text.R_IOPORT_PinWrite
                0x000008b0       0x54 ./synergy/ssp/src/driver/r_ioport/r_ioport.o
                0x000008b0                R_IOPORT_PinWrite
 .text.R_IOPORT_PinDirectionSet
                0x00000904       0xcc ./synergy/ssp/src/driver/r_ioport/r_ioport.o
                0x00000904                R_IOPORT_PinDirectionSet
 .text.R_IOPORT_PortWrite
                0x000009d0       0x38 ./synergy/ssp/src/driver/r_ioport/r_ioport.o
                0x000009d0                R_IOPORT_PortWrite
 .text.R_IOPORT_PortDirectionSet
                0x00000a08       0x40 ./synergy/ssp/src/driver/r_ioport/r_ioport.o
                0x00000a08                R_IOPORT_PortDirectionSet
 .text.bsp_vbatt_init.isra.4
                0x00000a48       0x8c ./synergy/ssp/src/driver/r_ioport/r_ioport.o
 .text.R_IOPORT_EthernetModeCfg
                0x00000ad4       0x58 ./synergy/ssp/src/driver/r_ioport/r_ioport.o
                0x00000ad4                R_IOPORT_EthernetModeCfg
 .text.R_IOPORT_PinsCfg
                0x00000b2c       0xe0 ./synergy/ssp/src/driver/r_ioport/r_ioport.o
                0x00000b2c                R_IOPORT_PinsCfg
 .text.R_IOPORT_Init
                0x00000c0c       0x78 ./synergy/ssp/src/driver/r_ioport/r_ioport.o
                0x00000c0c                R_IOPORT_Init
 .text.R_IOPORT_PinCfg
                0x00000c84       0xd0 ./synergy/ssp/src/driver/r_ioport/r_ioport.o
                0x00000c84                R_IOPORT_PinCfg
 .text.R_GPT_VersionGet
                0x00000d54       0x14 ./synergy/ssp/src/driver/r_gpt/r_gpt.o
                0x00000d54                R_GPT_VersionGet
 .text.gpt_period_to_pclk
                0x00000d68      0x108 ./synergy/ssp/src/driver/r_gpt/r_gpt.o
 .text.gpt_duty_cycle_to_pclk
                0x00000e70       0x80 ./synergy/ssp/src/driver/r_gpt/r_gpt.o
 .text.R_GPT_Stop
                0x00000ef0       0x28 ./synergy/ssp/src/driver/r_gpt/r_gpt.o
                0x00000ef0                R_GPT_Stop
 .text.R_GPT_Start
                0x00000f18       0x28 ./synergy/ssp/src/driver/r_gpt/r_gpt.o
                0x00000f18                R_GPT_Start
 .text.R_GPT_CounterGet
                0x00000f40       0x28 ./synergy/ssp/src/driver/r_gpt/r_gpt.o
                0x00000f40                R_GPT_CounterGet
 .text.R_GPT_Reset
                0x00000f68       0x4c ./synergy/ssp/src/driver/r_gpt/r_gpt.o
                0x00000f68                R_GPT_Reset
 .text.R_GPT_PeriodSet
                0x00000fb4       0x80 ./synergy/ssp/src/driver/r_gpt/r_gpt.o
                0x00000fb4                R_GPT_PeriodSet
 .text.R_GPT_InfoGet
                0x00001034       0x88 ./synergy/ssp/src/driver/r_gpt/r_gpt.o
                0x00001034                R_GPT_InfoGet
 .text.R_GPT_DutyCycleSet
                0x000010bc       0xb4 ./synergy/ssp/src/driver/r_gpt/r_gpt.o
                0x000010bc                R_GPT_DutyCycleSet
 .text.R_GPT_Close
                0x00001170       0xa4 ./synergy/ssp/src/driver/r_gpt/r_gpt.o
                0x00001170                R_GPT_Close
 .text.R_GPT_TimerOpen
                0x00001214      0x494 ./synergy/ssp/src/driver/r_gpt/r_gpt.o
                0x00001214                R_GPT_TimerOpen
 .text.gpt_counter_overflow_isr
                0x000016a8       0x70 ./synergy/ssp/src/driver/r_gpt/r_gpt.o
                0x000016a8                gpt_counter_overflow_isr
 .text.R_FMI_ProductInfoGet
                0x00001718       0x28 ./synergy/ssp/src/driver/r_fmi/r_fmi.o
 .text.R_FMI_UniqueIdGet
                0x00001740       0x30 ./synergy/ssp/src/driver/r_fmi/r_fmi.o
 .text.R_FMI_EventInfoGet
                0x00001770       0x6c ./synergy/ssp/src/driver/r_fmi/r_fmi.o
 .text.R_FMI_VersionGet
                0x000017dc       0x14 ./synergy/ssp/src/driver/r_fmi/r_fmi.o
 .text.R_FMI_Init
                0x000017f0       0xbc ./synergy/ssp/src/driver/r_fmi/r_fmi.o
 .text.R_FMI_FeatureGet
                0x000018ac      0x244 ./synergy/ssp/src/driver/r_fmi/r_fmi.o
 .text.R_ELC_LinkSet
                0x00001af0       0x14 ./synergy/ssp/src/driver/r_elc/r_elc.o
                0x00001af0                R_ELC_LinkSet
 .text.R_ELC_LinkBreak
                0x00001b04       0x14 ./synergy/ssp/src/driver/r_elc/r_elc.o
                0x00001b04                R_ELC_LinkBreak
 .text.R_ELC_Enable
                0x00001b18       0x14 ./synergy/ssp/src/driver/r_elc/r_elc.o
                0x00001b18                R_ELC_Enable
 .text.R_ELC_Disable
                0x00001b2c       0x14 ./synergy/ssp/src/driver/r_elc/r_elc.o
                0x00001b2c                R_ELC_Disable
 .text.R_ELC_VersionGet
                0x00001b40       0x14 ./synergy/ssp/src/driver/r_elc/r_elc.o
                0x00001b40                R_ELC_VersionGet
 .text.R_ELC_SoftwareEventGenerate
                0x00001b54       0x30 ./synergy/ssp/src/driver/r_elc/r_elc.o
                0x00001b54                R_ELC_SoftwareEventGenerate
 .text.R_ELC_Init
                0x00001b84       0x80 ./synergy/ssp/src/driver/r_elc/r_elc.o
                0x00001b84                R_ELC_Init
 .text.HW_CGC_Init
                0x00001c04       0x34 ./synergy/ssp/src/driver/r_cgc/hw/hw_cgc.o
                0x00001c04                HW_CGC_Init
 .text.HW_CGC_InitPLLFreq
                0x00001c38       0xf4 ./synergy/ssp/src/driver/r_cgc/hw/hw_cgc.o
                0x00001c38                HW_CGC_InitPLLFreq
 .text.HW_CGC_MainClockDriveSet
                0x00001d2c       0x3c ./synergy/ssp/src/driver/r_cgc/hw/hw_cgc.o
                0x00001d2c                HW_CGC_MainClockDriveSet
 .text.HW_CGC_SubClockDriveSet
                0x00001d68       0x3c ./synergy/ssp/src/driver/r_cgc/hw/hw_cgc.o
                0x00001d68                HW_CGC_SubClockDriveSet
 .text.HW_CGC_ClockStart
                0x00001da4       0xa0 ./synergy/ssp/src/driver/r_cgc/hw/hw_cgc.o
                0x00001da4                HW_CGC_ClockStart
 .text.HW_CGC_ClockStop
                0x00001e44       0xa0 ./synergy/ssp/src/driver/r_cgc/hw/hw_cgc.o
                0x00001e44                HW_CGC_ClockStop
 .text.HW_CGC_ClockCheck
                0x00001ee4       0x2c ./synergy/ssp/src/driver/r_cgc/hw/hw_cgc.o
                0x00001ee4                HW_CGC_ClockCheck
 .text.HW_CGC_ClockRunStateGet
                0x00001f10       0x68 ./synergy/ssp/src/driver/r_cgc/hw/hw_cgc.o
                0x00001f10                HW_CGC_ClockRunStateGet
 .text.HW_CGC_DelayCycles
                0x00001f78        0x8 ./synergy/ssp/src/driver/r_cgc/hw/hw_cgc.o
                0x00001f78                HW_CGC_DelayCycles
 .text.HW_CGC_MainOscSourceSet
                0x00001f80       0x2c ./synergy/ssp/src/driver/r_cgc/hw/hw_cgc.o
                0x00001f80                HW_CGC_MainOscSourceSet
 .text.HW_CGC_ClockWaitSet
                0x00001fac       0x28 ./synergy/ssp/src/driver/r_cgc/hw/hw_cgc.o
                0x00001fac                HW_CGC_ClockWaitSet
 .text.HW_CGC_ClockSourceValidCheck
                0x00001fd4       0x28 ./synergy/ssp/src/driver/r_cgc/hw/hw_cgc.o
                0x00001fd4                HW_CGC_ClockSourceValidCheck
 .text.HW_CGC_ClockSourceGet
                0x00001ffc        0xc ./synergy/ssp/src/driver/r_cgc/hw/hw_cgc.o
                0x00001ffc                HW_CGC_ClockSourceGet
 .text.HW_CGC_ClockSourceSet
                0x00002008       0x28 ./synergy/ssp/src/driver/r_cgc/hw/hw_cgc.o
                0x00002008                HW_CGC_ClockSourceSet
 .text.HW_CGC_PLLClockSourceGet
                0x00002030       0x24 ./synergy/ssp/src/driver/r_cgc/hw/hw_cgc.o
                0x00002030                HW_CGC_PLLClockSourceGet
 .text.HW_CGC_PLLClockSourceSet
                0x00002054       0x28 ./synergy/ssp/src/driver/r_cgc/hw/hw_cgc.o
                0x00002054                HW_CGC_PLLClockSourceSet
 .text.HW_CGC_PLLMultiplierSet
                0x0000207c       0x90 ./synergy/ssp/src/driver/r_cgc/hw/hw_cgc.o
                0x0000207c                HW_CGC_PLLMultiplierSet
 .text.HW_CGC_PLLDividerSet
                0x0000210c       0x88 ./synergy/ssp/src/driver/r_cgc/hw/hw_cgc.o
                0x0000210c                HW_CGC_PLLDividerSet
 .text.HW_CGC_SystemDividersSet
                0x00002194       0x70 ./synergy/ssp/src/driver/r_cgc/hw/hw_cgc.o
                0x00002194                HW_CGC_SystemDividersSet
 .text.HW_CGC_SystemDividersGet
                0x00002204       0x3c ./synergy/ssp/src/driver/r_cgc/hw/hw_cgc.o
                0x00002204                HW_CGC_SystemDividersGet
 .text.HW_CGC_ClockCfgValidCheck
                0x00002240       0x58 ./synergy/ssp/src/driver/r_cgc/hw/hw_cgc.o
                0x00002240                HW_CGC_ClockCfgValidCheck
 .text.HW_CGC_ClockDividerGet
                0x00002298       0x4c ./synergy/ssp/src/driver/r_cgc/hw/hw_cgc.o
                0x00002298                HW_CGC_ClockDividerGet
 .text.HW_CGC_ClockHzGet
                0x000022e4       0x20 ./synergy/ssp/src/driver/r_cgc/hw/hw_cgc.o
                0x000022e4                HW_CGC_ClockHzGet
 .text.HW_CGC_ClockHzCalculate
                0x00002304       0x10 ./synergy/ssp/src/driver/r_cgc/hw/hw_cgc.o
                0x00002304                HW_CGC_ClockHzCalculate
 .text.HW_CGC_OperatingModeSet
                0x00002314       0xb0 ./synergy/ssp/src/driver/r_cgc/hw/hw_cgc.o
                0x00002314                HW_CGC_OperatingModeSet
 .text.HW_CGC_OperatingModeGet
                0x000023c4       0x14 ./synergy/ssp/src/driver/r_cgc/hw/hw_cgc.o
                0x000023c4                HW_CGC_OperatingModeGet
 .text.HW_CGC_OscStopDetectEnable
                0x000023d8       0x2c ./synergy/ssp/src/driver/r_cgc/hw/hw_cgc.o
                0x000023d8                HW_CGC_OscStopDetectEnable
 .text.HW_CGC_OscStopDetectDisable
                0x00002404       0x2c ./synergy/ssp/src/driver/r_cgc/hw/hw_cgc.o
                0x00002404                HW_CGC_OscStopDetectDisable
 .text.HW_CGC_OscStopDetectEnabledGet
                0x00002430        0x8 ./synergy/ssp/src/driver/r_cgc/hw/hw_cgc.o
                0x00002430                HW_CGC_OscStopDetectEnabledGet
 .text.HW_CGC_OscStopDetectGet
                0x00002438        0xc ./synergy/ssp/src/driver/r_cgc/hw/hw_cgc.o
                0x00002438                HW_CGC_OscStopDetectGet
 .text.HW_CGC_OscStopStatusClear
                0x00002444       0x30 ./synergy/ssp/src/driver/r_cgc/hw/hw_cgc.o
                0x00002444                HW_CGC_OscStopStatusClear
 .text.HW_CGC_BusClockOutCfg
                0x00002474       0x28 ./synergy/ssp/src/driver/r_cgc/hw/hw_cgc.o
                0x00002474                HW_CGC_BusClockOutCfg
 .text.HW_CGC_BusClockOutEnable
                0x0000249c       0x20 ./synergy/ssp/src/driver/r_cgc/hw/hw_cgc.o
                0x0000249c                HW_CGC_BusClockOutEnable
 .text.HW_CGC_BusClockOutDisable
                0x000024bc       0x20 ./synergy/ssp/src/driver/r_cgc/hw/hw_cgc.o
                0x000024bc                HW_CGC_BusClockOutDisable
 .text.HW_CGC_ClockOutCfg
                0x000024dc       0x4c ./synergy/ssp/src/driver/r_cgc/hw/hw_cgc.o
                0x000024dc                HW_CGC_ClockOutCfg
 .text.HW_CGC_ClockOutEnable
                0x00002528       0x20 ./synergy/ssp/src/driver/r_cgc/hw/hw_cgc.o
                0x00002528                HW_CGC_ClockOutEnable
 .text.HW_CGC_ClockOutDisable
                0x00002548       0x20 ./synergy/ssp/src/driver/r_cgc/hw/hw_cgc.o
                0x00002548                HW_CGC_ClockOutDisable
 .text.HW_CGC_SDRAMClockOutEnable
                0x00002568       0x20 ./synergy/ssp/src/driver/r_cgc/hw/hw_cgc.o
                0x00002568                HW_CGC_SDRAMClockOutEnable
 .text.HW_CGC_SDRAMClockOutDisable
                0x00002588       0x20 ./synergy/ssp/src/driver/r_cgc/hw/hw_cgc.o
                0x00002588                HW_CGC_SDRAMClockOutDisable
 .text.HW_CGC_USBClockCfg
                0x000025a8       0x2c ./synergy/ssp/src/driver/r_cgc/hw/hw_cgc.o
                0x000025a8                HW_CGC_USBClockCfg
 .text.HW_CGC_SystickUpdate
                0x000025d4       0x54 ./synergy/ssp/src/driver/r_cgc/hw/hw_cgc.o
                0x000025d4                HW_CGC_SystickUpdate
 .text.HW_CGC_LCDClockCfg
                0x00002628       0x14 ./synergy/ssp/src/driver/r_cgc/hw/hw_cgc.o
                0x00002628                HW_CGC_LCDClockCfg
 .text.HW_CGC_LCDClockCfgGet
                0x0000263c        0xc ./synergy/ssp/src/driver/r_cgc/hw/hw_cgc.o
                0x0000263c                HW_CGC_LCDClockCfgGet
 .text.HW_CGC_LCDClockEnable
                0x00002648       0x10 ./synergy/ssp/src/driver/r_cgc/hw/hw_cgc.o
                0x00002648                HW_CGC_LCDClockEnable
 .text.HW_CGC_LCDClockDisable
                0x00002658       0x10 ./synergy/ssp/src/driver/r_cgc/hw/hw_cgc.o
                0x00002658                HW_CGC_LCDClockDisable
 .text.HW_CGC_LCDClockIsEnabled
                0x00002668        0x8 ./synergy/ssp/src/driver/r_cgc/hw/hw_cgc.o
                0x00002668                HW_CGC_LCDClockIsEnabled
 .text.HW_CGC_SDADCClockCfg
                0x00002670       0x1c ./synergy/ssp/src/driver/r_cgc/hw/hw_cgc.o
                0x00002670                HW_CGC_SDADCClockCfg
 .text.HW_CGC_SDADCClockEnable
                0x0000268c       0x10 ./synergy/ssp/src/driver/r_cgc/hw/hw_cgc.o
                0x0000268c                HW_CGC_SDADCClockEnable
 .text.HW_CGC_SDADCClockDisable
                0x0000269c       0x10 ./synergy/ssp/src/driver/r_cgc/hw/hw_cgc.o
                0x0000269c                HW_CGC_SDADCClockDisable
 .text.HW_CGC_SDADCClockIsEnabled
                0x000026ac        0x8 ./synergy/ssp/src/driver/r_cgc/hw/hw_cgc.o
                0x000026ac                HW_CGC_SDADCClockIsEnabled
 .text.HW_CGC_HocoWaitControlSet
                0x000026b4       0x28 ./synergy/ssp/src/driver/r_cgc/hw/hw_cgc.o
                0x000026b4                HW_CGC_HocoWaitControlSet
 .text.R_CGC_VersionGet
                0x000026dc       0x14 ./synergy/ssp/src/driver/r_cgc/r_cgc.o
                0x000026dc                R_CGC_VersionGet
 .text.R_CGC_Init
                0x000026f0       0xb4 ./synergy/ssp/src/driver/r_cgc/r_cgc.o
                0x000026f0                R_CGC_Init
 .text.R_CGC_SystemClockGet
                0x000027a4       0x28 ./synergy/ssp/src/driver/r_cgc/r_cgc.o
                0x000027a4                R_CGC_SystemClockGet
 .text.R_CGC_OscStopDetect
                0x000027cc       0xe4 ./synergy/ssp/src/driver/r_cgc/r_cgc.o
                0x000027cc                R_CGC_OscStopDetect
 .text.R_CGC_OscStopStatusClear
                0x000028b0       0x50 ./synergy/ssp/src/driver/r_cgc/r_cgc.o
                0x000028b0                R_CGC_OscStopStatusClear
 .text.R_CGC_BusClockOutCfg
                0x00002900       0x14 ./synergy/ssp/src/driver/r_cgc/r_cgc.o
                0x00002900                R_CGC_BusClockOutCfg
 .text.R_CGC_BusClockOutEnable
                0x00002914       0x14 ./synergy/ssp/src/driver/r_cgc/r_cgc.o
                0x00002914                R_CGC_BusClockOutEnable
 .text.R_CGC_BusClockOutDisable
                0x00002928       0x14 ./synergy/ssp/src/driver/r_cgc/r_cgc.o
                0x00002928                R_CGC_BusClockOutDisable
 .text.R_CGC_ClockOutCfg
                0x0000293c       0x18 ./synergy/ssp/src/driver/r_cgc/r_cgc.o
                0x0000293c                R_CGC_ClockOutCfg
 .text.R_CGC_ClockOutEnable
                0x00002954       0x14 ./synergy/ssp/src/driver/r_cgc/r_cgc.o
                0x00002954                R_CGC_ClockOutEnable
 .text.R_CGC_ClockOutDisable
                0x00002968       0x14 ./synergy/ssp/src/driver/r_cgc/r_cgc.o
                0x00002968                R_CGC_ClockOutDisable
 .text.r_cgc_subosc_mode_possible
                0x0000297c       0x4c ./synergy/ssp/src/driver/r_cgc/r_cgc.o
 .text.R_CGC_ClockCheck
                0x000029c8       0x70 ./synergy/ssp/src/driver/r_cgc/r_cgc.o
                0x000029c8                R_CGC_ClockCheck
 .text.r_cgc_stabilization_wait
                0x00002a38       0x30 ./synergy/ssp/src/driver/r_cgc/r_cgc.o
 .text.r_cgc_operating_mode_set
                0x00002a68       0x88 ./synergy/ssp/src/driver/r_cgc/r_cgc.o
 .text.R_CGC_ClockStart
                0x00002af0      0x198 ./synergy/ssp/src/driver/r_cgc/r_cgc.o
                0x00002af0                R_CGC_ClockStart
 .text.R_CGC_ClockStop
                0x00002c88       0xc8 ./synergy/ssp/src/driver/r_cgc/r_cgc.o
                0x00002c88                R_CGC_ClockStop
 .text.r_cgc_clock_start_stop
                0x00002d50       0x30 ./synergy/ssp/src/driver/r_cgc/r_cgc.o
 .text.R_CGC_SystemClockFreqGet
                0x00002d80       0x9c ./synergy/ssp/src/driver/r_cgc/r_cgc.o
                0x00002d80                R_CGC_SystemClockFreqGet
 .text.R_CGC_LCDClockEnable
                0x00002e1c       0x50 ./synergy/ssp/src/driver/r_cgc/r_cgc.o
                0x00002e1c                R_CGC_LCDClockEnable
 .text.R_CGC_LCDClockDisable
                0x00002e6c       0x50 ./synergy/ssp/src/driver/r_cgc/r_cgc.o
                0x00002e6c                R_CGC_LCDClockDisable
 .text.R_CGC_LCDClockCfg
                0x00002ebc       0x7c ./synergy/ssp/src/driver/r_cgc/r_cgc.o
                0x00002ebc                R_CGC_LCDClockCfg
 .text.R_CGC_SDADCClockEnable
                0x00002f38       0x2c ./synergy/ssp/src/driver/r_cgc/r_cgc.o
                0x00002f38                R_CGC_SDADCClockEnable
 .text.R_CGC_SDADCClockDisable
                0x00002f64       0x2c ./synergy/ssp/src/driver/r_cgc/r_cgc.o
                0x00002f64                R_CGC_SDADCClockDisable
 .text.R_CGC_SDADCClockCfg
                0x00002f90       0x50 ./synergy/ssp/src/driver/r_cgc/r_cgc.o
                0x00002f90                R_CGC_SDADCClockCfg
 .text.R_CGC_SDRAMClockOutEnable
                0x00002fe0       0x20 ./synergy/ssp/src/driver/r_cgc/r_cgc.o
                0x00002fe0                R_CGC_SDRAMClockOutEnable
 .text.R_CGC_SDRAMClockOutDisable
                0x00003000       0x20 ./synergy/ssp/src/driver/r_cgc/r_cgc.o
                0x00003000                R_CGC_SDRAMClockOutDisable
 .text.R_CGC_USBClockCfg
                0x00003020       0x24 ./synergy/ssp/src/driver/r_cgc/r_cgc.o
                0x00003020                R_CGC_USBClockCfg
 .text.R_CGC_SystickUpdate.part.16
                0x00003044       0x44 ./synergy/ssp/src/driver/r_cgc/r_cgc.o
 .text.R_CGC_SystickUpdate
                0x00003088        0xc ./synergy/ssp/src/driver/r_cgc/r_cgc.o
                0x00003088                R_CGC_SystickUpdate
 .text.R_CGC_SystemClockSet
                0x00003094      0x17c ./synergy/ssp/src/driver/r_cgc/r_cgc.o
                0x00003094                R_CGC_SystemClockSet
 .text.R_CGC_ClocksCfg
                0x00003210      0x198 ./synergy/ssp/src/driver/r_cgc/r_cgc.o
                0x00003210                R_CGC_ClocksCfg
 .text.R_BSP_CacheOff
                0x000033a8       0x28 ./synergy/ssp/src/bsp/mcu/s7g2/bsp_cache.o
                0x000033a8                R_BSP_CacheOff
 .text.R_BSP_CacheSet
                0x000033d0       0x48 ./synergy/ssp/src/bsp/mcu/s7g2/bsp_cache.o
                0x000033d0                R_BSP_CacheSet
 .text.bsp_clock_init
                0x00003418       0x90 ./synergy/ssp/src/bsp/mcu/s7g2/bsp_clocks.o
                0x00003418                bsp_clock_init
 .text.bsp_cpu_clock_get
                0x000034a8       0x20 ./synergy/ssp/src/bsp/mcu/s7g2/bsp_clocks.o
                0x000034a8                bsp_cpu_clock_get
 .text.bsp_clock_set_callback
                0x000034c8      0x124 ./synergy/ssp/src/bsp/mcu/s7g2/bsp_clocks.o
                0x000034c8                bsp_clock_set_callback
 .text.R_BSP_FeatureIoportGet
                0x000035ec        0xc ./synergy/ssp/src/bsp/mcu/s7g2/bsp_feature.o
                0x000035ec                R_BSP_FeatureIoportGet
 .text.R_BSP_FeatureCgcGet
                0x000035f8        0xc ./synergy/ssp/src/bsp/mcu/s7g2/bsp_feature.o
                0x000035f8                R_BSP_FeatureCgcGet
 .text.bsp_group_interrupt_open
                0x00003604       0x18 ./synergy/ssp/src/bsp/mcu/s7g2/bsp_group_irq.o
                0x00003604                bsp_group_interrupt_open
 .text.R_BSP_GroupIrqWrite
                0x0000361c       0x10 ./synergy/ssp/src/bsp/mcu/s7g2/bsp_group_irq.o
                0x0000361c                R_BSP_GroupIrqWrite
 .text.NMI_Handler
                0x0000362c      0x1f4 ./synergy/ssp/src/bsp/mcu/s7g2/bsp_group_irq.o
                0x0000362c                NMI_Handler
 .text.r_bsp_get_mstp_mask
                0x00003820       0x50 ./synergy/ssp/src/bsp/mcu/s7g2/bsp_module_stop.o
 .text.r_bsp_module_start_stop
                0x00003870       0x6c ./synergy/ssp/src/bsp/mcu/s7g2/bsp_module_stop.o
 .text.R_BSP_ModuleStart
                0x000038dc        0x8 ./synergy/ssp/src/bsp/mcu/s7g2/bsp_module_stop.o
                0x000038dc                R_BSP_ModuleStart
 .text.software_delay_loop
                0x000038e4        0xc ./synergy/ssp/src/bsp/mcu/all/bsp_delay.o
 .text.R_BSP_SoftwareDelay
                0x000038f0       0x58 ./synergy/ssp/src/bsp/mcu/all/bsp_delay.o
                0x000038f0                R_BSP_SoftwareDelay
 .text.R_BSP_IrqStatusClear
                0x00003948       0x18 ./synergy/ssp/src/bsp/mcu/all/bsp_irq.o
                0x00003948                R_BSP_IrqStatusClear
 .text.bsp_irq_cfg
                0x00003960       0x40 ./synergy/ssp/src/bsp/mcu/all/bsp_irq.o
                0x00003960                bsp_irq_cfg
 .text.R_BSP_HardwareLock
                0x000039a0       0x68 ./synergy/ssp/src/bsp/mcu/all/bsp_locking.o
                0x000039a0                R_BSP_HardwareLock
 .text.R_BSP_HardwareUnlock
                0x00003a08       0x4c ./synergy/ssp/src/bsp/mcu/all/bsp_locking.o
                0x00003a08                R_BSP_HardwareUnlock
 .text.bsp_init_hardware_locks
                0x00003a54       0x44 ./synergy/ssp/src/bsp/mcu/all/bsp_locking.o
                0x00003a54                bsp_init_hardware_locks
 .text.R_BSP_RegisterProtectEnable
                0x00003a98       0x60 ./synergy/ssp/src/bsp/mcu/all/bsp_register_protection.o
                0x00003a98                R_BSP_RegisterProtectEnable
 .text.R_BSP_RegisterProtectDisable
                0x00003af8       0x50 ./synergy/ssp/src/bsp/mcu/all/bsp_register_protection.o
                0x00003af8                R_BSP_RegisterProtectDisable
 .text.bsp_register_protect_open
                0x00003b48       0x10 ./synergy/ssp/src/bsp/mcu/all/bsp_register_protection.o
                0x00003b48                bsp_register_protect_open
 .text.Default_Handler
                0x00003b58        0x4 ./synergy/ssp/src/bsp/cmsis/Device/RENESAS/S7G2/Source/startup_S7G2.o
                0x00003b58                HardFault_Handler
                0x00003b58                UsageFault_Handler
                0x00003b58                Default_Handler
                0x00003b58                MemManage_Handler
                0x00003b58                SVC_Handler
                0x00003b58                BusFault_Handler
                0x00003b58                DebugMon_Handler
 .text.Reset_Handler
                0x00003b5c        0xc ./synergy/ssp/src/bsp/cmsis/Device/RENESAS/S7G2/Source/startup_S7G2.o
                0x00003b5c                Reset_Handler
 .text.R_BSP_WarmStart
                0x00003b68        0x4 ./synergy/ssp/src/bsp/cmsis/Device/RENESAS/S7G2/Source/system_S7G2.o
                0x00003b68                R_BSP_WarmStart
 .text.SystemInit
                0x00003b6c       0xe0 ./synergy/ssp/src/bsp/cmsis/Device/RENESAS/S7G2/Source/system_S7G2.o
                0x00003b6c                SystemInit
 .text.bsp_init
                0x00003c4c        0x4 ./synergy/board/s7g2_sk/bsp_init.o
                0x00003c4c                bsp_init
 .text.bsp_qspi_xip_mode
                0x00003c50       0x84 ./synergy/board/s7g2_sk/bsp_qspi.o
 .text.bsp_qspi_init
                0x00003cd4      0x148 ./synergy/board/s7g2_sk/bsp_qspi.o
                0x00003cd4                bsp_qspi_init
 .text.g_common_init
                0x00003e1c        0x4 ./src/synergy_gen/common_data.o
                0x00003e1c                g_common_init
 .text.control_thread_func
                0x00003e20       0x10 ./src/synergy_gen/control_thread.o
 .text.control_thread_create
                0x00003e30       0x58 ./src/synergy_gen/control_thread.o
                0x00003e30                control_thread_create
 .text.g_hal_init
                0x00003e88        0x4 ./src/synergy_gen/hal_data.o
                0x00003e88                g_hal_init
 .text.tx_application_define_internal
                0x00003e8c        0x4 ./src/synergy_gen/main.o
                0x00003e8c                tx_application_define_user
                0x00003e8c                tx_application_define_internal
 .text.tx_startup_err_callback_internal
                0x00003e90        0x4 ./src/synergy_gen/main.o
                0x00003e90                tx_startup_err_callback_internal
                0x00003e90                tx_startup_err_callback
 .text.tx_application_define
                0x00003e94       0x40 ./src/synergy_gen/main.o
                0x00003e94                tx_application_define
 .text.tx_startup_common_init
                0x00003ed4       0x54 ./src/synergy_gen/main.o
                0x00003ed4                tx_startup_common_init
 .text.startup.main
                0x00003f28        0xc ./src/synergy_gen/main.o
                0x00003f28                main
 .text.control_thread_entry
                0x00003f34       0x24 ./src/control_thread_entry.o
                0x00003f34                control_thread_entry
 .text.timer9_callback
                0x00003f58       0x2c ./src/control_thread_entry.o
                0x00003f58                timer9_callback
 .text._txe_semaphore_create
                0x00003f84       0xa8 C:\Users\QUPREX-016\e2_studio\workspace2\PDSE001\synergy\ssp\src\framework\el\tx\cm4_gcc\libtx.a(txe_semaphore_create.o)
                0x00003f84                _txe_semaphore_create
 .text._txe_semaphore_get
                0x0000402c       0x2c C:\Users\QUPREX-016\e2_studio\workspace2\PDSE001\synergy\ssp\src\framework\el\tx\cm4_gcc\libtx.a(txe_semaphore_get.o)
                0x0000402c                _txe_semaphore_get
 .text._txe_semaphore_put
                0x00004058       0x18 C:\Users\QUPREX-016\e2_studio\workspace2\PDSE001\synergy\ssp\src\framework\el\tx\cm4_gcc\libtx.a(txe_semaphore_put.o)
                0x00004058                _txe_semaphore_put
 .text._txe_thread_create
                0x00004070      0x144 C:\Users\QUPREX-016\e2_studio\workspace2\PDSE001\synergy\ssp\src\framework\el\tx\cm4_gcc\libtx.a(txe_thread_create.o)
                0x00004070                _txe_thread_create
 .text._tx_initialize_high_level
                0x000041b4       0x88 C:\Users\QUPREX-016\e2_studio\workspace2\PDSE001\synergy\ssp\src\framework\el\tx\cm4_gcc\libtx.a(tx_initialize_high_level.o)
                0x000041b4                _tx_initialize_high_level
 .text._tx_initialize_kernel_enter
                0x0000423c       0x48 C:\Users\QUPREX-016\e2_studio\workspace2\PDSE001\synergy\ssp\src\framework\el\tx\cm4_gcc\libtx.a(tx_initialize_kernel_enter.o)
                0x0000423c                _tx_initialize_kernel_enter
 .text.tx_isr_end
                0x00004284        0x4 C:\Users\QUPREX-016\e2_studio\workspace2\PDSE001\synergy\ssp\src\framework\el\tx\cm4_gcc\libtx.a(tx_isr_end.o)
                0x00004284                tx_isr_end
 .text.tx_isr_start
                0x00004288        0x4 C:\Users\QUPREX-016\e2_studio\workspace2\PDSE001\synergy\ssp\src\framework\el\tx\cm4_gcc\libtx.a(tx_isr_start.o)
                0x00004288                tx_isr_start
 .text._tx_semaphore_create
                0x0000428c       0x54 C:\Users\QUPREX-016\e2_studio\workspace2\PDSE001\synergy\ssp\src\framework\el\tx\cm4_gcc\libtx.a(tx_semaphore_create.o)
                0x0000428c                _tx_semaphore_create
 .text._tx_semaphore_get
                0x000042e0       0x8c C:\Users\QUPREX-016\e2_studio\workspace2\PDSE001\synergy\ssp\src\framework\el\tx\cm4_gcc\libtx.a(tx_semaphore_get.o)
                0x000042e0                _tx_semaphore_get
 .text._tx_semaphore_put
                0x0000436c       0x54 C:\Users\QUPREX-016\e2_studio\workspace2\PDSE001\synergy\ssp\src\framework\el\tx\cm4_gcc\libtx.a(tx_semaphore_put.o)
                0x0000436c                _tx_semaphore_put
 .text._tx_thread_create
                0x000043c0      0x13c C:\Users\QUPREX-016\e2_studio\workspace2\PDSE001\synergy\ssp\src\framework\el\tx\cm4_gcc\libtx.a(tx_thread_create.o)
                0x000043c0                _tx_thread_create
 .text._tx_thread_initialize
                0x000044fc       0x68 C:\Users\QUPREX-016\e2_studio\workspace2\PDSE001\synergy\ssp\src\framework\el\tx\cm4_gcc\libtx.a(tx_thread_initialize.o)
                0x000044fc                _tx_thread_initialize
 .text._tx_thread_shell_entry
                0x00004564       0x48 C:\Users\QUPREX-016\e2_studio\workspace2\PDSE001\synergy\ssp\src\framework\el\tx\cm4_gcc\libtx.a(tx_thread_shell_entry.o)
                0x00004564                _tx_thread_shell_entry
 .text._tx_thread_sleep
                0x000045ac       0x64 C:\Users\QUPREX-016\e2_studio\workspace2\PDSE001\synergy\ssp\src\framework\el\tx\cm4_gcc\libtx.a(tx_thread_sleep.o)
                0x000045ac                _tx_thread_sleep
 .text._tx_thread_system_preempt_check
                0x00004610       0x3c C:\Users\QUPREX-016\e2_studio\workspace2\PDSE001\synergy\ssp\src\framework\el\tx\cm4_gcc\libtx.a(tx_thread_system_preempt_check.o)
                0x00004610                _tx_thread_system_preempt_check
 .text._tx_thread_system_resume
                0x0000464c       0xec C:\Users\QUPREX-016\e2_studio\workspace2\PDSE001\synergy\ssp\src\framework\el\tx\cm4_gcc\libtx.a(tx_thread_system_resume.o)
                0x0000464c                _tx_thread_system_resume
 .text._tx_thread_system_suspend
                0x00004738      0x104 C:\Users\QUPREX-016\e2_studio\workspace2\PDSE001\synergy\ssp\src\framework\el\tx\cm4_gcc\libtx.a(tx_thread_system_suspend.o)
                0x00004738                _tx_thread_system_suspend
 .text._tx_thread_timeout
                0x0000483c       0x40 C:\Users\QUPREX-016\e2_studio\workspace2\PDSE001\synergy\ssp\src\framework\el\tx\cm4_gcc\libtx.a(tx_thread_timeout.o)
                0x0000483c                _tx_thread_timeout
 .text._tx_timer_initialize
                0x0000487c       0x7c C:\Users\QUPREX-016\e2_studio\workspace2\PDSE001\synergy\ssp\src\framework\el\tx\cm4_gcc\libtx.a(tx_timer_initialize.o)
                0x0000487c                _tx_timer_initialize
 .text._tx_timer_system_activate
                0x000048f8       0x54 C:\Users\QUPREX-016\e2_studio\workspace2\PDSE001\synergy\ssp\src\framework\el\tx\cm4_gcc\libtx.a(tx_timer_system_activate.o)
                0x000048f8                _tx_timer_system_activate
 .text._tx_timer_system_deactivate
                0x0000494c       0x2c C:\Users\QUPREX-016\e2_studio\workspace2\PDSE001\synergy\ssp\src\framework\el\tx\cm4_gcc\libtx.a(tx_timer_system_deactivate.o)
                0x0000494c                _tx_timer_system_deactivate
 .text._tx_initialize_low_level
                0x00004978       0x8c C:\Users\QUPREX-016\e2_studio\workspace2\PDSE001\synergy\ssp\src\framework\el\tx\cm4_gcc\libtx.a(tx_initialize_low_level.o)
                0x00004978                _tx_initialize_low_level
 .text._tx_thread_schedule
                0x00004a04       0x60 C:\Users\QUPREX-016\e2_studio\workspace2\PDSE001\synergy\ssp\src\framework\el\tx\cm4_gcc\libtx.a(tx_thread_schedule.o)
                0x00004a04                _tx_thread_schedule
 .text._tx_port_wait_thread_ready
                0x00004a64       0xac C:\Users\QUPREX-016\e2_studio\workspace2\PDSE001\synergy\ssp\src\framework\el\tx\cm4_gcc\libtx.a(tx_thread_schedule.o)
                0x00004a64                _tx_port_wait_thread_ready
 .text.PendSV_Handler
                0x00004b10       0xb4 C:\Users\QUPREX-016\e2_studio\workspace2\PDSE001\synergy\ssp\src\framework\el\tx\cm4_gcc\libtx.a(tx_thread_schedule.o)
                0x00004b10                PendSV_Handler
 .text.SysTick_Handler
                0x00004bc4        0x4 C:\Users\QUPREX-016\e2_studio\workspace2\PDSE001\synergy\ssp\src\framework\el\tx\cm4_gcc\libtx.a(tx_thread_schedule.o)
                0x00004bc4                SysTick_Handler
 .text._tx_thread_stack_build
                0x00004bc8       0x48 C:\Users\QUPREX-016\e2_studio\workspace2\PDSE001\synergy\ssp\src\framework\el\tx\cm4_gcc\libtx.a(tx_thread_stack_build.o)
                0x00004bc8                _tx_thread_stack_build
 .text._tx_timer_interrupt
                0x00004c10       0xd4 C:\Users\QUPREX-016\e2_studio\workspace2\PDSE001\synergy\ssp\src\framework\el\tx\cm4_gcc\libtx.a(tx_timer_interrupt.o)
                0x00004c10                _tx_timer_interrupt
 .text._tx_semaphore_cleanup
                0x00004ce4       0x80 C:\Users\QUPREX-016\e2_studio\workspace2\PDSE001\synergy\ssp\src\framework\el\tx\cm4_gcc\libtx.a(tx_semaphore_cleanup.o)
                0x00004ce4                _tx_semaphore_cleanup
 .text._tx_thread_time_slice
                0x00004d64       0x74 C:\Users\QUPREX-016\e2_studio\workspace2\PDSE001\synergy\ssp\src\framework\el\tx\cm4_gcc\libtx.a(tx_thread_time_slice.o)
                0x00004d64                _tx_thread_time_slice
 .text._tx_timer_expiration_process
                0x00004dd8      0x10c C:\Users\QUPREX-016\e2_studio\workspace2\PDSE001\synergy\ssp\src\framework\el\tx\cm4_gcc\libtx.a(tx_timer_expiration_process.o)
                0x00004dd8                _tx_timer_expiration_process
 .text          0x00004ee4       0x30 c:/renesas/synergy/e2studio_v6.2.1_ssp_v1.5.0/toolchains/gcc_arm/4.9_2015q3/bin/../lib/gcc/arm-none-eabi/4.9.3/armv7e-m/fpu\libgcc.a(_aeabi_uldivmod.o)
                0x00004ee4                __aeabi_uldivmod
 .text          0x00004f14       0x60 c:/renesas/synergy/e2studio_v6.2.1_ssp_v1.5.0/toolchains/gcc_arm/4.9_2015q3/bin/../lib/gcc/arm-none-eabi/4.9.3/armv7e-m/fpu\libgcc.a(bpabi.o)
                0x00004f14                __gnu_ldivmod_helper
                0x00004f44                __gnu_uldivmod_helper
 .text          0x00004f74        0x4 c:/renesas/synergy/e2studio_v6.2.1_ssp_v1.5.0/toolchains/gcc_arm/4.9_2015q3/bin/../lib/gcc/arm-none-eabi/4.9.3/armv7e-m/fpu\libgcc.a(_dvmd_tls.o)
                0x00004f74                __aeabi_idiv0
                0x00004f74                __aeabi_ldiv0
 .text          0x00004f78      0x29c c:/renesas/synergy/e2studio_v6.2.1_ssp_v1.5.0/toolchains/gcc_arm/4.9_2015q3/bin/../lib/gcc/arm-none-eabi/4.9.3/armv7e-m/fpu\libgcc.a(_divdi3.o)
                0x00004f78                __divdi3
 .text          0x00005214      0x26c c:/renesas/synergy/e2studio_v6.2.1_ssp_v1.5.0/toolchains/gcc_arm/4.9_2015q3/bin/../lib/gcc/arm-none-eabi/4.9.3/armv7e-m/fpu\libgcc.a(_udivdi3.o)
                0x00005214                __udivdi3
 .text.memset   0x00005480       0x10 c:/renesas/synergy/e2studio_v6.2.1_ssp_v1.5.0/toolchains/gcc_arm/4.9_2015q3/bin/../lib/gcc/arm-none-eabi/4.9.3/../../../../arm-none-eabi/lib/armv7e-m/fpu\libg_nano.a(lib_a-memset.o)
                0x00005480                memset
 *(.version)
 .version       0x00005490       0x60 ./synergy/ssp/src/bsp/mcu/all/bsp_common.o
 *(.init)
 .init          0x000054f0        0x4 c:/renesas/synergy/e2studio_v6.2.1_ssp_v1.5.0/toolchains/gcc_arm/4.9_2015q3/bin/../lib/gcc/arm-none-eabi/4.9.3/armv7e-m/fpu/crti.o
                0x000054f0                _init
 .init          0x000054f4        0x8 c:/renesas/synergy/e2studio_v6.2.1_ssp_v1.5.0/toolchains/gcc_arm/4.9_2015q3/bin/../lib/gcc/arm-none-eabi/4.9.3/armv7e-m/fpu/crtn.o
 *(.fini)
 .fini          0x000054fc        0x4 c:/renesas/synergy/e2studio_v6.2.1_ssp_v1.5.0/toolchains/gcc_arm/4.9_2015q3/bin/../lib/gcc/arm-none-eabi/4.9.3/armv7e-m/fpu/crti.o
                0x000054fc                _fini
 .fini          0x00005500        0x8 c:/renesas/synergy/e2studio_v6.2.1_ssp_v1.5.0/toolchains/gcc_arm/4.9_2015q3/bin/../lib/gcc/arm-none-eabi/4.9.3/armv7e-m/fpu/crtn.o
 *crtbegin.o(.ctors)
 *crtbegin?.o(.ctors)
 *(EXCLUDE_FILE(*crtend.o *crtend?.o) .ctors)
 *(SORT(.ctors.*))
 *(.ctors)
 *crtbegin.o(.dtors)
 *crtbegin?.o(.dtors)
 *(EXCLUDE_FILE(*crtend.o *crtend?.o) .dtors)
 *(SORT(.dtors.*))
 *(.dtors)
 *(.rodata*)
 .rodata.g_ioport_on_ioport
                0x00005508       0x3c ./synergy/ssp/src/driver/r_ioport/r_ioport.o
                0x00005508                g_ioport_on_ioport
 .rodata.g_vbatt_pins_input
                0x00005544        0x6 ./synergy/ssp/src/driver/r_ioport/r_ioport.o
 *fill*         0x0000554a        0x2 ff
 .rodata.g_timer_on_gpt
                0x0000554c       0x28 ./synergy/ssp/src/driver/r_gpt/r_gpt.o
                0x0000554c                g_timer_on_gpt
 .rodata.g_gpt_version
                0x00005574        0x4 ./synergy/ssp/src/driver/r_gpt/r_gpt.o
 .rodata.bit_count_mask
                0x00005578        0x8 ./synergy/ssp/src/driver/r_fmi/r_fmi.o
 .rodata.bit_count
                0x00005580       0x80 ./synergy/ssp/src/driver/r_fmi/r_fmi.o
 .rodata.g_fmi_on_fmi
                0x00005600       0x18 ./synergy/ssp/src/driver/r_fmi/r_fmi.o
                0x00005600                g_fmi_on_fmi
 .rodata.g_fmi_version
                0x00005618        0x4 ./synergy/ssp/src/driver/r_fmi/r_fmi.o
 .rodata.g_elc_on_elc
                0x0000561c       0x1c ./synergy/ssp/src/driver/r_elc/r_elc.o
                0x0000561c                g_elc_on_elc
 .rodata.s_elc_version
                0x00005638        0x4 ./synergy/ssp/src/driver/r_elc/r_elc.o
 .rodata.g_pllccr2_div_value
                0x0000563c        0x6 ./synergy/ssp/src/driver/r_cgc/hw/hw_cgc.o
 *fill*         0x00005642        0x2 ff
 .rodata.g_pllccr_div_value
                0x00005644        0x6 ./synergy/ssp/src/driver/r_cgc/hw/hw_cgc.o
 *fill*         0x0000564a        0x2 ff
 .rodata.g_pllccr_div_setting
                0x0000564c        0x6 ./synergy/ssp/src/driver/r_cgc/hw/hw_cgc.o
 *fill*         0x00005652        0x2 ff
 .rodata.g_pllccr2_div_setting
                0x00005654        0x8 ./synergy/ssp/src/driver/r_cgc/hw/hw_cgc.o
 .rodata.g_cgc_on_cgc
                0x0000565c       0x6c ./synergy/ssp/src/driver/r_cgc/r_cgc.o
                0x0000565c                g_cgc_on_cgc
 .rodata.g_lcd_clock_settings
                0x000056c8        0x6 ./synergy/ssp/src/driver/r_cgc/r_cgc.o
 *fill*         0x000056ce        0x2 ff
 .rodata.g_cgc_version
                0x000056d0        0x4 ./synergy/ssp/src/driver/r_cgc/r_cgc.o
 .rodata.g_cgc_feature
                0x000056d4       0x2c ./synergy/ssp/src/bsp/mcu/s7g2/bsp_feature.o
 .rodata.g_fmi_data
                0x00005700      0x400 ./synergy/ssp/src/bsp/mcu/s7g2/bsp_fmi_R7FS7G27H3A01CFC.o
                0x00005700                g_fmi_data
 .rodata.gp_mstp
                0x00005b00       0x10 ./synergy/ssp/src/bsp/mcu/s7g2/bsp_module_stop.o
 .rodata.g_bsp_module_stop
                0x00005b10       0x46 ./synergy/ssp/src/bsp/mcu/s7g2/bsp_module_stop.o
 *fill*         0x00005b56        0x2 ff
 .rodata.gp_vector_information
                0x00005b58        0x4 ./synergy/ssp/src/bsp/mcu/all/bsp_irq.o
                0x00005b58                gp_vector_information
 .rodata.g_prcr_masks
                0x00005b5c        0x6 ./synergy/ssp/src/bsp/mcu/all/bsp_register_protection.o
 *fill*         0x00005b62        0x2 ff
 .rodata.g_elc_cfg
                0x00005b64        0xc ./synergy/ssp/src/bsp/cmsis/Device/RENESAS/S7G2/Source/system_S7G2.o
 .rodata.g_timer9_cfg
                0x00005b70       0x20 ./src/synergy_gen/control_thread.o
 .rodata.g_timer9
                0x00005b90        0xc ./src/synergy_gen/control_thread.o
                0x00005b90                g_timer9
 .rodata.str1.4
                0x00005b9c        0xf ./src/synergy_gen/control_thread.o
 *fill*         0x00005bab        0x1 ff
 .rodata.g_timer9_extend
                0x00005bac        0x5 ./src/synergy_gen/control_thread.o
 *fill*         0x00005bb1        0x3 ff
 .rodata.str1.4
                0x00005bb4       0x14 ./src/synergy_gen/main.o
 .rodata.g_bsp_pin_cfg
                0x00005bc8        0x8 ./src/synergy_gen/pin_data.o
                0x00005bc8                g_bsp_pin_cfg
 .rodata.g_bsp_pin_cfg_data
                0x00005bd0      0x380 ./src/synergy_gen/pin_data.o
                0x00005bd0                g_bsp_pin_cfg_data
 .rodata.g_vfp_offset
                0x00005f50        0x4 C:\Users\QUPREX-016\e2_studio\workspace2\PDSE001\synergy\ssp\src\framework\el\tx\cm4_gcc\libtx.a(tx_thread_schedule.o)
                0x00005f50                g_vfp_offset
                0x00005f54                __usb_dev_descriptor_start_fs = .
 *(.usb_device_desc_fs*)
                0x00005f54                __usb_cfg_descriptor_start_fs = .
 *(.usb_config_desc_fs*)
                0x00005f54                __usb_interface_descriptor_start_fs = .
 *(.usb_interface_desc_fs*)
                0x00005f54                __usb_descriptor_end_fs = .
                0x00005f54                __usb_dev_descriptor_start_hs = .
 *(.usb_device_desc_hs*)
                0x00005f54                __usb_cfg_descriptor_start_hs = .
 *(.usb_config_desc_hs*)
                0x00005f54                __usb_interface_descriptor_start_hs = .
 *(.usb_interface_desc_hs*)
                0x00005f54                __usb_descriptor_end_hs = .
 *(.eh_frame*)
 .eh_frame      0x00005f54        0x0 c:/renesas/synergy/e2studio_v6.2.1_ssp_v1.5.0/toolchains/gcc_arm/4.9_2015q3/bin/../lib/gcc/arm-none-eabi/4.9.3/armv7e-m/fpu/crtbegin.o
 .eh_frame      0x00005f54        0x4 c:/renesas/synergy/e2studio_v6.2.1_ssp_v1.5.0/toolchains/gcc_arm/4.9_2015q3/bin/../lib/gcc/arm-none-eabi/4.9.3/armv7e-m/fpu/crtend.o
                0x00005f58                __ROM_End = .
                0x00000044                __Vectors_Size = (__Vectors_End - __Vectors)
                0x00000008                __Vector_Info_Size = (__Vector_Info_End - __Vector_Info_Start)
                0x000001b0                __Lock_Lookup_Size = (__Lock_Lookup_End - __Lock_Lookup_Start)

.glue_7         0x00005f58        0x0
 .glue_7        0x00000000        0x0 linker stubs

.glue_7t        0x00005f58        0x0
 .glue_7t       0x00000000        0x0 linker stubs

.vfp11_veneer   0x00005f58        0x0
 .vfp11_veneer  0x00000000        0x0 linker stubs

.v4_bx          0x00005f58        0x0
 .v4_bx         0x00000000        0x0 linker stubs

.iplt           0x00005f58        0x0
 .iplt          0x00000000        0x0 c:/renesas/synergy/e2studio_v6.2.1_ssp_v1.5.0/toolchains/gcc_arm/4.9_2015q3/bin/../lib/gcc/arm-none-eabi/4.9.3/armv7e-m/fpu/crtbegin.o

.ARM.extab
 *(.ARM.extab* .gnu.linkonce.armextab.*)
                0x00005f58                __exidx_start = .

.ARM.exidx      0x00005f58        0x8
 *(.ARM.exidx* .gnu.linkonce.armexidx.*)
 .ARM.exidx     0x00005f58        0x8 c:/renesas/synergy/e2studio_v6.2.1_ssp_v1.5.0/toolchains/gcc_arm/4.9_2015q3/bin/../lib/gcc/arm-none-eabi/4.9.3/armv7e-m/fpu\libgcc.a(_divdi3.o)
 .ARM.exidx     0x00005f60        0x0 c:/renesas/synergy/e2studio_v6.2.1_ssp_v1.5.0/toolchains/gcc_arm/4.9_2015q3/bin/../lib/gcc/arm-none-eabi/4.9.3/armv7e-m/fpu\libgcc.a(_udivdi3.o)
                                  0x8 (size before relaxing)
                0x00005f60                __exidx_end = .
                0x00005f60                __etext = .

.ssp_dtc_vector_table
                0x1ffe0000        0x0
                0x1ffe0000                . = ORIGIN (RAM)
 *(.ssp_dtc_vector_table)

.data           0x1ffe0000       0x7c load address 0x00005f60
                0x1ffe0000                __data_start__ = .
 *(vtable)
 *(.data.*)
 .data._tx_thread_system_state
                0x1ffe0000        0x4 C:\Users\QUPREX-016\e2_studio\workspace2\PDSE001\synergy\ssp\src\framework\el\tx\cm4_gcc\libtx.a(tx_thread_initialize.o)
                0x1ffe0000                _tx_thread_system_state
                0x1ffe0004                . = ALIGN (0x4)
                0x1ffe0004                PROVIDE (__preinit_array_start, .)
 *(.preinit_array)
                0x1ffe0004                PROVIDE (__preinit_array_end, .)
                0x1ffe0004                . = ALIGN (0x4)
                0x1ffe0004                PROVIDE (__init_array_start, .)
 *(SORT(.init_array.*))
 *(.init_array)
 .init_array    0x1ffe0004        0x4 c:/renesas/synergy/e2studio_v6.2.1_ssp_v1.5.0/toolchains/gcc_arm/4.9_2015q3/bin/../lib/gcc/arm-none-eabi/4.9.3/armv7e-m/fpu/crtbegin.o
                0x1ffe0008                PROVIDE (__init_array_end, .)
                0x1ffe0008                . = ALIGN (0x4)
                0x1ffe0008                PROVIDE (__fini_array_start, .)
 *(SORT(.fini_array.*))
 *(.fini_array)
 .fini_array    0x1ffe0008        0x4 c:/renesas/synergy/e2studio_v6.2.1_ssp_v1.5.0/toolchains/gcc_arm/4.9_2015q3/bin/../lib/gcc/arm-none-eabi/4.9.3/armv7e-m/fpu/crtbegin.o
                0x1ffe000c                PROVIDE (__fini_array_end, .)
 *(.jcr*)
 .jcr           0x1ffe000c        0x0 c:/renesas/synergy/e2studio_v6.2.1_ssp_v1.5.0/toolchains/gcc_arm/4.9_2015q3/bin/../lib/gcc/arm-none-eabi/4.9.3/armv7e-m/fpu/crtbegin.o
 .jcr           0x1ffe000c        0x4 c:/renesas/synergy/e2studio_v6.2.1_ssp_v1.5.0/toolchains/gcc_arm/4.9_2015q3/bin/../lib/gcc/arm-none-eabi/4.9.3/armv7e-m/fpu/crtend.o
                0x1ffe0010                . = ALIGN (0x4)
                0x1ffe0010                __Code_In_RAM_Start = .
 *(.code_in_ram*)
                0x1ffe0010                __Code_In_RAM_End = .
                0x1ffe0010                __Lock_Start = .
 *(SORT(.hw_lock*))
 .hw_lock.ADC_0U_0U
                0x1ffe0010        0x1 ./synergy/ssp/src/bsp/mcu/s7g2/bsp_hw_locks.o
                0x1ffe0010                g_hw_lock_ADC_0U_0U
 .hw_lock.ADC_0U_1U
                0x1ffe0011        0x1 ./synergy/ssp/src/bsp/mcu/s7g2/bsp_hw_locks.o
                0x1ffe0011                g_hw_lock_ADC_0U_1U
 .hw_lock.AGT_0U_0U
                0x1ffe0012        0x1 ./synergy/ssp/src/bsp/mcu/s7g2/bsp_hw_locks.o
                0x1ffe0012                g_hw_lock_AGT_0U_0U
 .hw_lock.AGT_0U_1U
                0x1ffe0013        0x1 ./synergy/ssp/src/bsp/mcu/s7g2/bsp_hw_locks.o
                0x1ffe0013                g_hw_lock_AGT_0U_1U
 .hw_lock.BSC_0U_1U
                0x1ffe0014        0x1 ./synergy/ssp/src/bsp/mcu/s7g2/bsp_hw_locks.o
                0x1ffe0014                g_hw_lock_BSC_0U_1U
 .hw_lock.CAC_0U_0U
                0x1ffe0015        0x1 ./synergy/ssp/src/bsp/mcu/s7g2/bsp_hw_locks.o
                0x1ffe0015                g_hw_lock_CAC_0U_0U
 .hw_lock.CAN_0U_0U
                0x1ffe0016        0x1 ./synergy/ssp/src/bsp/mcu/s7g2/bsp_hw_locks.o
                0x1ffe0016                g_hw_lock_CAN_0U_0U
 .hw_lock.CAN_0U_1U
                0x1ffe0017        0x1 ./synergy/ssp/src/bsp/mcu/s7g2/bsp_hw_locks.o
                0x1ffe0017                g_hw_lock_CAN_0U_1U
 .hw_lock.COMP_HS_0U_0U
                0x1ffe0018        0x1 ./synergy/ssp/src/bsp/mcu/s7g2/bsp_hw_locks.o
                0x1ffe0018                g_hw_lock_COMP_HS_0U_0U
 .hw_lock.COMP_HS_0U_1U
                0x1ffe0019        0x1 ./synergy/ssp/src/bsp/mcu/s7g2/bsp_hw_locks.o
                0x1ffe0019                g_hw_lock_COMP_HS_0U_1U
 .hw_lock.COMP_HS_0U_2U
                0x1ffe001a        0x1 ./synergy/ssp/src/bsp/mcu/s7g2/bsp_hw_locks.o
                0x1ffe001a                g_hw_lock_COMP_HS_0U_2U
 .hw_lock.COMP_HS_0U_3U
                0x1ffe001b        0x1 ./synergy/ssp/src/bsp/mcu/s7g2/bsp_hw_locks.o
                0x1ffe001b                g_hw_lock_COMP_HS_0U_3U
 .hw_lock.COMP_HS_0U_4U
                0x1ffe001c        0x1 ./synergy/ssp/src/bsp/mcu/s7g2/bsp_hw_locks.o
                0x1ffe001c                g_hw_lock_COMP_HS_0U_4U
 .hw_lock.COMP_HS_0U_5U
                0x1ffe001d        0x1 ./synergy/ssp/src/bsp/mcu/s7g2/bsp_hw_locks.o
                0x1ffe001d                g_hw_lock_COMP_HS_0U_5U
 .hw_lock.CRC_0U_0U
                0x1ffe001e        0x1 ./synergy/ssp/src/bsp/mcu/s7g2/bsp_hw_locks.o
                0x1ffe001e                g_hw_lock_CRC_0U_0U
 .hw_lock.CTSU_0U_0U
                0x1ffe001f        0x1 ./synergy/ssp/src/bsp/mcu/s7g2/bsp_hw_locks.o
                0x1ffe001f                g_hw_lock_CTSU_0U_0U
 .hw_lock.DAAD_0U_0U
                0x1ffe0020        0x1 ./synergy/ssp/src/bsp/mcu/s7g2/bsp_hw_locks.o
                0x1ffe0020                g_hw_lock_DAAD_0U_0U
 .hw_lock.DAC_0U_0U
                0x1ffe0021        0x1 ./synergy/ssp/src/bsp/mcu/s7g2/bsp_hw_locks.o
                0x1ffe0021                g_hw_lock_DAC_0U_0U
 .hw_lock.DAC_0U_1U
                0x1ffe0022        0x1 ./synergy/ssp/src/bsp/mcu/s7g2/bsp_hw_locks.o
                0x1ffe0022                g_hw_lock_DAC_0U_1U
 .hw_lock.DMAC_0U_0U
                0x1ffe0023        0x1 ./synergy/ssp/src/bsp/mcu/s7g2/bsp_hw_locks.o
                0x1ffe0023                g_hw_lock_DMAC_0U_0U
 .hw_lock.DMAC_0U_1U
                0x1ffe0024        0x1 ./synergy/ssp/src/bsp/mcu/s7g2/bsp_hw_locks.o
                0x1ffe0024                g_hw_lock_DMAC_0U_1U
 .hw_lock.DMAC_0U_2U
                0x1ffe0025        0x1 ./synergy/ssp/src/bsp/mcu/s7g2/bsp_hw_locks.o
                0x1ffe0025                g_hw_lock_DMAC_0U_2U
 .hw_lock.DMAC_0U_3U
                0x1ffe0026        0x1 ./synergy/ssp/src/bsp/mcu/s7g2/bsp_hw_locks.o
                0x1ffe0026                g_hw_lock_DMAC_0U_3U
 .hw_lock.DMAC_0U_4U
                0x1ffe0027        0x1 ./synergy/ssp/src/bsp/mcu/s7g2/bsp_hw_locks.o
                0x1ffe0027                g_hw_lock_DMAC_0U_4U
 .hw_lock.DMAC_0U_5U
                0x1ffe0028        0x1 ./synergy/ssp/src/bsp/mcu/s7g2/bsp_hw_locks.o
                0x1ffe0028                g_hw_lock_DMAC_0U_5U
 .hw_lock.DMAC_0U_6U
                0x1ffe0029        0x1 ./synergy/ssp/src/bsp/mcu/s7g2/bsp_hw_locks.o
                0x1ffe0029                g_hw_lock_DMAC_0U_6U
 .hw_lock.DMAC_0U_7U
                0x1ffe002a        0x1 ./synergy/ssp/src/bsp/mcu/s7g2/bsp_hw_locks.o
                0x1ffe002a                g_hw_lock_DMAC_0U_7U
 .hw_lock.DOC_0U_0U
                0x1ffe002b        0x1 ./synergy/ssp/src/bsp/mcu/s7g2/bsp_hw_locks.o
                0x1ffe002b                g_hw_lock_DOC_0U_0U
 .hw_lock.DRW_0U_0U
                0x1ffe002c        0x1 ./synergy/ssp/src/bsp/mcu/s7g2/bsp_hw_locks.o
                0x1ffe002c                g_hw_lock_DRW_0U_0U
 .hw_lock.DTC_0U_0U
                0x1ffe002d        0x1 ./synergy/ssp/src/bsp/mcu/s7g2/bsp_hw_locks.o
                0x1ffe002d                g_hw_lock_DTC_0U_0U
 .hw_lock.ELC_0U_0U
                0x1ffe002e        0x1 ./synergy/ssp/src/bsp/mcu/s7g2/bsp_hw_locks.o
                0x1ffe002e                g_hw_lock_ELC_0U_0U
 .hw_lock.EPTPC_0U_0U
                0x1ffe002f        0x1 ./synergy/ssp/src/bsp/mcu/s7g2/bsp_hw_locks.o
                0x1ffe002f                g_hw_lock_EPTPC_0U_0U
 .hw_lock.ETHER_0U_0U
                0x1ffe0030        0x1 ./synergy/ssp/src/bsp/mcu/s7g2/bsp_hw_locks.o
                0x1ffe0030                g_hw_lock_ETHER_0U_0U
 .hw_lock.ETHER_0U_1U
                0x1ffe0031        0x1 ./synergy/ssp/src/bsp/mcu/s7g2/bsp_hw_locks.o
                0x1ffe0031                g_hw_lock_ETHER_0U_1U
 .hw_lock.FCU_0U_0U
                0x1ffe0032        0x1 ./synergy/ssp/src/bsp/mcu/s7g2/bsp_hw_locks.o
                0x1ffe0032                g_hw_lock_FCU_0U_0U
 .hw_lock.GLCDC_0U_0U
                0x1ffe0033        0x1 ./synergy/ssp/src/bsp/mcu/s7g2/bsp_hw_locks.o
                0x1ffe0033                g_hw_lock_GLCDC_0U_0U
 .hw_lock.GPT_0U_0U
                0x1ffe0034        0x1 ./synergy/ssp/src/bsp/mcu/s7g2/bsp_hw_locks.o
                0x1ffe0034                g_hw_lock_GPT_0U_0U
 .hw_lock.GPT_0U_10U
                0x1ffe0035        0x1 ./synergy/ssp/src/bsp/mcu/s7g2/bsp_hw_locks.o
                0x1ffe0035                g_hw_lock_GPT_0U_10U
 .hw_lock.GPT_0U_11U
                0x1ffe0036        0x1 ./synergy/ssp/src/bsp/mcu/s7g2/bsp_hw_locks.o
                0x1ffe0036                g_hw_lock_GPT_0U_11U
 .hw_lock.GPT_0U_12U
                0x1ffe0037        0x1 ./synergy/ssp/src/bsp/mcu/s7g2/bsp_hw_locks.o
                0x1ffe0037                g_hw_lock_GPT_0U_12U
 .hw_lock.GPT_0U_13U
                0x1ffe0038        0x1 ./synergy/ssp/src/bsp/mcu/s7g2/bsp_hw_locks.o
                0x1ffe0038                g_hw_lock_GPT_0U_13U
 .hw_lock.GPT_0U_1U
                0x1ffe0039        0x1 ./synergy/ssp/src/bsp/mcu/s7g2/bsp_hw_locks.o
                0x1ffe0039                g_hw_lock_GPT_0U_1U
 .hw_lock.GPT_0U_2U
                0x1ffe003a        0x1 ./synergy/ssp/src/bsp/mcu/s7g2/bsp_hw_locks.o
                0x1ffe003a                g_hw_lock_GPT_0U_2U
 .hw_lock.GPT_0U_3U
                0x1ffe003b        0x1 ./synergy/ssp/src/bsp/mcu/s7g2/bsp_hw_locks.o
                0x1ffe003b                g_hw_lock_GPT_0U_3U
 .hw_lock.GPT_0U_4U
                0x1ffe003c        0x1 ./synergy/ssp/src/bsp/mcu/s7g2/bsp_hw_locks.o
                0x1ffe003c                g_hw_lock_GPT_0U_4U
 .hw_lock.GPT_0U_5U
                0x1ffe003d        0x1 ./synergy/ssp/src/bsp/mcu/s7g2/bsp_hw_locks.o
                0x1ffe003d                g_hw_lock_GPT_0U_5U
 .hw_lock.GPT_0U_6U
                0x1ffe003e        0x1 ./synergy/ssp/src/bsp/mcu/s7g2/bsp_hw_locks.o
                0x1ffe003e                g_hw_lock_GPT_0U_6U
 .hw_lock.GPT_0U_7U
                0x1ffe003f        0x1 ./synergy/ssp/src/bsp/mcu/s7g2/bsp_hw_locks.o
                0x1ffe003f                g_hw_lock_GPT_0U_7U
 .hw_lock.GPT_0U_8U
                0x1ffe0040        0x1 ./synergy/ssp/src/bsp/mcu/s7g2/bsp_hw_locks.o
                0x1ffe0040                g_hw_lock_GPT_0U_8U
 .hw_lock.GPT_0U_9U
                0x1ffe0041        0x1 ./synergy/ssp/src/bsp/mcu/s7g2/bsp_hw_locks.o
                0x1ffe0041                g_hw_lock_GPT_0U_9U
 .hw_lock.ICU_0U_0U
                0x1ffe0042        0x1 ./synergy/ssp/src/bsp/mcu/s7g2/bsp_hw_locks.o
                0x1ffe0042                g_hw_lock_ICU_0U_0U
 .hw_lock.ICU_0U_10U
                0x1ffe0043        0x1 ./synergy/ssp/src/bsp/mcu/s7g2/bsp_hw_locks.o
                0x1ffe0043                g_hw_lock_ICU_0U_10U
 .hw_lock.ICU_0U_11U
                0x1ffe0044        0x1 ./synergy/ssp/src/bsp/mcu/s7g2/bsp_hw_locks.o
                0x1ffe0044                g_hw_lock_ICU_0U_11U
 .hw_lock.ICU_0U_12U
                0x1ffe0045        0x1 ./synergy/ssp/src/bsp/mcu/s7g2/bsp_hw_locks.o
                0x1ffe0045                g_hw_lock_ICU_0U_12U
 .hw_lock.ICU_0U_13U
                0x1ffe0046        0x1 ./synergy/ssp/src/bsp/mcu/s7g2/bsp_hw_locks.o
                0x1ffe0046                g_hw_lock_ICU_0U_13U
 .hw_lock.ICU_0U_14U
                0x1ffe0047        0x1 ./synergy/ssp/src/bsp/mcu/s7g2/bsp_hw_locks.o
                0x1ffe0047                g_hw_lock_ICU_0U_14U
 .hw_lock.ICU_0U_15U
                0x1ffe0048        0x1 ./synergy/ssp/src/bsp/mcu/s7g2/bsp_hw_locks.o
                0x1ffe0048                g_hw_lock_ICU_0U_15U
 .hw_lock.ICU_0U_1U
                0x1ffe0049        0x1 ./synergy/ssp/src/bsp/mcu/s7g2/bsp_hw_locks.o
                0x1ffe0049                g_hw_lock_ICU_0U_1U
 .hw_lock.ICU_0U_2U
                0x1ffe004a        0x1 ./synergy/ssp/src/bsp/mcu/s7g2/bsp_hw_locks.o
                0x1ffe004a                g_hw_lock_ICU_0U_2U
 .hw_lock.ICU_0U_3U
                0x1ffe004b        0x1 ./synergy/ssp/src/bsp/mcu/s7g2/bsp_hw_locks.o
                0x1ffe004b                g_hw_lock_ICU_0U_3U
 .hw_lock.ICU_0U_4U
                0x1ffe004c        0x1 ./synergy/ssp/src/bsp/mcu/s7g2/bsp_hw_locks.o
                0x1ffe004c                g_hw_lock_ICU_0U_4U
 .hw_lock.ICU_0U_5U
                0x1ffe004d        0x1 ./synergy/ssp/src/bsp/mcu/s7g2/bsp_hw_locks.o
                0x1ffe004d                g_hw_lock_ICU_0U_5U
 .hw_lock.ICU_0U_6U
                0x1ffe004e        0x1 ./synergy/ssp/src/bsp/mcu/s7g2/bsp_hw_locks.o
                0x1ffe004e                g_hw_lock_ICU_0U_6U
 .hw_lock.ICU_0U_7U
                0x1ffe004f        0x1 ./synergy/ssp/src/bsp/mcu/s7g2/bsp_hw_locks.o
                0x1ffe004f                g_hw_lock_ICU_0U_7U
 .hw_lock.ICU_0U_8U
                0x1ffe0050        0x1 ./synergy/ssp/src/bsp/mcu/s7g2/bsp_hw_locks.o
                0x1ffe0050                g_hw_lock_ICU_0U_8U
 .hw_lock.ICU_0U_9U
                0x1ffe0051        0x1 ./synergy/ssp/src/bsp/mcu/s7g2/bsp_hw_locks.o
                0x1ffe0051                g_hw_lock_ICU_0U_9U
 .hw_lock.IIC_0U_0U
                0x1ffe0052        0x1 ./synergy/ssp/src/bsp/mcu/s7g2/bsp_hw_locks.o
                0x1ffe0052                g_hw_lock_IIC_0U_0U
 .hw_lock.IIC_0U_1U
                0x1ffe0053        0x1 ./synergy/ssp/src/bsp/mcu/s7g2/bsp_hw_locks.o
                0x1ffe0053                g_hw_lock_IIC_0U_1U
 .hw_lock.IIC_0U_2U
                0x1ffe0054        0x1 ./synergy/ssp/src/bsp/mcu/s7g2/bsp_hw_locks.o
                0x1ffe0054                g_hw_lock_IIC_0U_2U
 .hw_lock.IRDA_0U_0U
                0x1ffe0055        0x1 ./synergy/ssp/src/bsp/mcu/s7g2/bsp_hw_locks.o
                0x1ffe0055                g_hw_lock_IRDA_0U_0U
 .hw_lock.IWDT_0U_0U
                0x1ffe0056        0x1 ./synergy/ssp/src/bsp/mcu/s7g2/bsp_hw_locks.o
                0x1ffe0056                g_hw_lock_IWDT_0U_0U
 .hw_lock.JPEG_0U_0U
                0x1ffe0057        0x1 ./synergy/ssp/src/bsp/mcu/s7g2/bsp_hw_locks.o
                0x1ffe0057                g_hw_lock_JPEG_0U_0U
 .hw_lock.KEY_0U_0U
                0x1ffe0058        0x1 ./synergy/ssp/src/bsp/mcu/s7g2/bsp_hw_locks.o
                0x1ffe0058                g_hw_lock_KEY_0U_0U
 .hw_lock.LPM_1U_0U
                0x1ffe0059        0x1 ./synergy/ssp/src/bsp/mcu/s7g2/bsp_hw_locks.o
                0x1ffe0059                g_hw_lock_LPM_1U_0U
 .hw_lock.LVD_0U_0U
                0x1ffe005a        0x1 ./synergy/ssp/src/bsp/mcu/s7g2/bsp_hw_locks.o
                0x1ffe005a                g_hw_lock_LVD_0U_0U
 .hw_lock.LVD_0U_1U
                0x1ffe005b        0x1 ./synergy/ssp/src/bsp/mcu/s7g2/bsp_hw_locks.o
                0x1ffe005b                g_hw_lock_LVD_0U_1U
 .hw_lock.MMF_0U_0U
                0x1ffe005c        0x1 ./synergy/ssp/src/bsp/mcu/s7g2/bsp_hw_locks.o
                0x1ffe005c                g_hw_lock_MMF_0U_0U
 .hw_lock.MPU_0U_0U
                0x1ffe005d        0x1 ./synergy/ssp/src/bsp/mcu/s7g2/bsp_hw_locks.o
                0x1ffe005d                g_hw_lock_MPU_0U_0U
 .hw_lock.OPS_0U_0U
                0x1ffe005e        0x1 ./synergy/ssp/src/bsp/mcu/s7g2/bsp_hw_locks.o
                0x1ffe005e                g_hw_lock_OPS_0U_0U
 .hw_lock.PDC_0U_0U
                0x1ffe005f        0x1 ./synergy/ssp/src/bsp/mcu/s7g2/bsp_hw_locks.o
                0x1ffe005f                g_hw_lock_PDC_0U_0U
 .hw_lock.POEG_0U_0U
                0x1ffe0060        0x1 ./synergy/ssp/src/bsp/mcu/s7g2/bsp_hw_locks.o
                0x1ffe0060                g_hw_lock_POEG_0U_0U
 .hw_lock.POEG_0U_1U
                0x1ffe0061        0x1 ./synergy/ssp/src/bsp/mcu/s7g2/bsp_hw_locks.o
                0x1ffe0061                g_hw_lock_POEG_0U_1U
 .hw_lock.POEG_0U_2U
                0x1ffe0062        0x1 ./synergy/ssp/src/bsp/mcu/s7g2/bsp_hw_locks.o
                0x1ffe0062                g_hw_lock_POEG_0U_2U
 .hw_lock.POEG_0U_3U
                0x1ffe0063        0x1 ./synergy/ssp/src/bsp/mcu/s7g2/bsp_hw_locks.o
                0x1ffe0063                g_hw_lock_POEG_0U_3U
 .hw_lock.QSPI_0U_0U
                0x1ffe0064        0x1 ./synergy/ssp/src/bsp/mcu/s7g2/bsp_hw_locks.o
                0x1ffe0064                g_hw_lock_QSPI_0U_0U
 .hw_lock.RTC_0U_0U
                0x1ffe0065        0x1 ./synergy/ssp/src/bsp/mcu/s7g2/bsp_hw_locks.o
                0x1ffe0065                g_hw_lock_RTC_0U_0U
 .hw_lock.SCE_0U_0U
                0x1ffe0066        0x1 ./synergy/ssp/src/bsp/mcu/s7g2/bsp_hw_locks.o
                0x1ffe0066                g_hw_lock_SCE_0U_0U
 .hw_lock.SCI_0U_0U
                0x1ffe0067        0x1 ./synergy/ssp/src/bsp/mcu/s7g2/bsp_hw_locks.o
                0x1ffe0067                g_hw_lock_SCI_0U_0U
 .hw_lock.SCI_0U_1U
                0x1ffe0068        0x1 ./synergy/ssp/src/bsp/mcu/s7g2/bsp_hw_locks.o
                0x1ffe0068                g_hw_lock_SCI_0U_1U
 .hw_lock.SCI_0U_2U
                0x1ffe0069        0x1 ./synergy/ssp/src/bsp/mcu/s7g2/bsp_hw_locks.o
                0x1ffe0069                g_hw_lock_SCI_0U_2U
 .hw_lock.SCI_0U_3U
                0x1ffe006a        0x1 ./synergy/ssp/src/bsp/mcu/s7g2/bsp_hw_locks.o
                0x1ffe006a                g_hw_lock_SCI_0U_3U
 .hw_lock.SCI_0U_4U
                0x1ffe006b        0x1 ./synergy/ssp/src/bsp/mcu/s7g2/bsp_hw_locks.o
                0x1ffe006b                g_hw_lock_SCI_0U_4U
 .hw_lock.SCI_0U_5U
                0x1ffe006c        0x1 ./synergy/ssp/src/bsp/mcu/s7g2/bsp_hw_locks.o
                0x1ffe006c                g_hw_lock_SCI_0U_5U
 .hw_lock.SCI_0U_6U
                0x1ffe006d        0x1 ./synergy/ssp/src/bsp/mcu/s7g2/bsp_hw_locks.o
                0x1ffe006d                g_hw_lock_SCI_0U_6U
 .hw_lock.SCI_0U_7U
                0x1ffe006e        0x1 ./synergy/ssp/src/bsp/mcu/s7g2/bsp_hw_locks.o
                0x1ffe006e                g_hw_lock_SCI_0U_7U
 .hw_lock.SCI_0U_8U
                0x1ffe006f        0x1 ./synergy/ssp/src/bsp/mcu/s7g2/bsp_hw_locks.o
                0x1ffe006f                g_hw_lock_SCI_0U_8U
 .hw_lock.SCI_0U_9U
                0x1ffe0070        0x1 ./synergy/ssp/src/bsp/mcu/s7g2/bsp_hw_locks.o
                0x1ffe0070                g_hw_lock_SCI_0U_9U
 .hw_lock.SDHIMMC_0U_0U
                0x1ffe0071        0x1 ./synergy/ssp/src/bsp/mcu/s7g2/bsp_hw_locks.o
                0x1ffe0071                g_hw_lock_SDHIMMC_0U_0U
 .hw_lock.SDHIMMC_0U_1U
                0x1ffe0072        0x1 ./synergy/ssp/src/bsp/mcu/s7g2/bsp_hw_locks.o
                0x1ffe0072                g_hw_lock_SDHIMMC_0U_1U
 .hw_lock.SPI_0U_0U
                0x1ffe0073        0x1 ./synergy/ssp/src/bsp/mcu/s7g2/bsp_hw_locks.o
                0x1ffe0073                g_hw_lock_SPI_0U_0U
 .hw_lock.SPI_0U_1U
                0x1ffe0074        0x1 ./synergy/ssp/src/bsp/mcu/s7g2/bsp_hw_locks.o
                0x1ffe0074                g_hw_lock_SPI_0U_1U
 .hw_lock.SRC_0U_0U
                0x1ffe0075        0x1 ./synergy/ssp/src/bsp/mcu/s7g2/bsp_hw_locks.o
                0x1ffe0075                g_hw_lock_SRC_0U_0U
 .hw_lock.SSI_0U_0U
                0x1ffe0076        0x1 ./synergy/ssp/src/bsp/mcu/s7g2/bsp_hw_locks.o
                0x1ffe0076                g_hw_lock_SSI_0U_0U
 .hw_lock.SSI_0U_1U
                0x1ffe0077        0x1 ./synergy/ssp/src/bsp/mcu/s7g2/bsp_hw_locks.o
                0x1ffe0077                g_hw_lock_SSI_0U_1U
 .hw_lock.TSN_0U_0U
                0x1ffe0078        0x1 ./synergy/ssp/src/bsp/mcu/s7g2/bsp_hw_locks.o
                0x1ffe0078                g_hw_lock_TSN_0U_0U
 .hw_lock.USB_0U_0U
                0x1ffe0079        0x1 ./synergy/ssp/src/bsp/mcu/s7g2/bsp_hw_locks.o
                0x1ffe0079                g_hw_lock_USB_0U_0U
 .hw_lock.USB_1U_0U
                0x1ffe007a        0x1 ./synergy/ssp/src/bsp/mcu/s7g2/bsp_hw_locks.o
                0x1ffe007a                g_hw_lock_USB_1U_0U
 .hw_lock.WDT_0U_0U
                0x1ffe007b        0x1 ./synergy/ssp/src/bsp/mcu/s7g2/bsp_hw_locks.o
                0x1ffe007b                g_hw_lock_WDT_0U_0U
                0x1ffe007c                __Lock_End = .
                0x1ffe007c                . = ALIGN (0x4)
                0x1ffe007c                __data_end__ = .
                0x0000006c                __Lock_Size = (__Lock_End - __Lock_Start)

.igot.plt       0x1ffe007c        0x0 load address 0x00005fdc
 .igot.plt      0x00000000        0x0 c:/renesas/synergy/e2studio_v6.2.1_ssp_v1.5.0/toolchains/gcc_arm/4.9_2015q3/bin/../lib/gcc/arm-none-eabi/4.9.3/armv7e-m/fpu/crtbegin.o

.qspi_flash     0x60000000        0x0
                0x60000000                __qspi_flash_start__ = .
 *(.qspi_flash*)
                0x60000000                __qspi_flash_end__ = .
                0x00000000                __qspi_flash_code_size__ = (__qspi_flash_end__ - __qspi_flash_start__)
                0x00005fdc                __qspi_flash_code_addr__ = (__etext + (__data_end__ - __data_start__))

.qspi_non_retentive
                0x60000000        0x0 load address 0x00005fdc
                0x60000000                __qspi_non_retentive_start__ = .
 *(.qspi_non_retentive*)
                0x60000000                __qspi_non_retentive_end__ = .
                0x00000000                __qspi_non_retentive_size__ = (__qspi_non_retentive_end__ - __qspi_non_retentive_start__)
                0x04000000                __qspi_region_max_size__ = 0x4000000
                0x60000000                __qspi_region_start_address__ = __qspi_flash_start__
                0x64000000                __qspi_region_end_address__ = (__qspi_flash_start__ + __qspi_region_max_size__)

.noinit         0x1ffe007c       0x38 load address 0x00005fdc
                0x1ffe007c                . = ALIGN (0x4)
                0x1ffe007c                __noinit_start = .
 *(.noinit*)
 .noinit        0x1ffe007c       0x14 ./synergy/ssp/src/driver/r_ioport/r_ioport.o
 .noinit        0x1ffe0090        0x4 ./synergy/ssp/src/driver/r_fmi/r_fmi.o
 .noinit        0x1ffe0094       0x18 ./synergy/ssp/src/driver/r_cgc/hw/hw_cgc.o
 .noinit        0x1ffe00ac        0x8 ./synergy/ssp/src/driver/r_cgc/r_cgc.o
                0x1ffe00ac                gp_cgc_feature
                0x1ffe00b4                __noinit_end = .

.bss            0x1ffe00b4      0x30c load address 0x00006014
                0x1ffe00b4                . = ALIGN (0x4)
                0x1ffe00b4                __bss_start__ = .
 *(.bss*)
 .bss           0x1ffe00b4       0x1c c:/renesas/synergy/e2studio_v6.2.1_ssp_v1.5.0/toolchains/gcc_arm/4.9_2015q3/bin/../lib/gcc/arm-none-eabi/4.9.3/armv7e-m/fpu/crtbegin.o
 .bss.g_protect_pfswe_counter
                0x1ffe00d0        0x2 ./synergy/ssp/src/driver/r_ioport/r_ioport.o
                0x1ffe00d0                g_protect_pfswe_counter
 *fill*         0x1ffe00d2        0x2 
 .bss.gp_elc_reg
                0x1ffe00d4        0x4 ./synergy/ssp/src/driver/r_elc/r_elc.o
 .bss.g_bsp_group_irq_sources
                0x1ffe00d8       0x30 ./synergy/ssp/src/bsp/mcu/s7g2/bsp_group_irq.o
 .bss.g_vector_information_size
                0x1ffe0108        0x4 ./synergy/ssp/src/bsp/mcu/all/bsp_irq.o
                0x1ffe0108                g_vector_information_size